0 verbose cli /usr/bin/node /usr/bin/npm
1 info using npm@9.2.0
2 info using node@v22.22.1
3 timing npm:load:whichnode Completed in 0ms
4 timing config:load:defaults Completed in 2ms
5 timing config:load:file:/usr/share/nodejs/npm/npmrc Completed in 22ms
6 timing config:load:builtin Completed in 22ms
7 timing config:load:cli Completed in 2ms
8 timing config:load:env Completed in 0ms
9 timing config:load:file:/root/mini-food-order/frontend/.npmrc Completed in 0ms
10 timing config:load:project Completed in 2ms
11 timing config:load:file:/root/.npmrc Completed in 0ms
12 timing config:load:user Completed in 1ms
13 timing config:load:file:/etc/npmrc Completed in 0ms
14 timing config:load:global Completed in 1ms
15 timing config:load:setEnvs Completed in 1ms
16 timing config:load Completed in 32ms
17 timing npm:load:configload Completed in 33ms
18 timing npm:load:mkdirpcache Completed in 0ms
19 timing npm:load:mkdirplogs Completed in 1ms
20 verbose title npm create vite@latest . --template react
21 verbose argv "create" "vite@latest" "." "--" "--template" "react"
22 timing npm:load:setTitle Completed in 0ms
23 timing config:load:flatten Completed in 3ms
24 timing npm:load:display Completed in 4ms
25 verbose logfile logs-max:10 dir:/root/.npm/_logs/2026-08-21T05_46_42_112Z-
26 verbose logfile /root/.npm/_logs/2026-08-21T05_46_42_112Z-debug-0.log
27 timing npm:load:logFile Completed in 10ms
28 timing npm:load:timers Completed in 0ms
29 timing npm:load:configScope Completed in 0ms
30 timing npm:load Completed in 49ms
31 silly logfile done cleaning log files
32 timing arborist:ctor Completed in 1ms
33 http fetch GET 200 https://registry.npmjs.org/create-vite 84ms (cache miss)
34 timing arborist:ctor Completed in 0ms
35 timing arborist:ctor Completed in 1ms
36 timing idealTree:init Completed in 5ms
37 timing idealTree:userRequests Completed in 2ms
38 silly idealTree buildDeps
39 silly fetch manifest create-vite@9.1.2
40 http fetch GET 200 https://registry.npmjs.org/create-vite 11ms (cache hit)
41 silly placeDep ROOT create-vite@9.1.2 OK for:  want: 9.1.2
42 timing idealTree:#root Completed in 20ms
43 timing idealTree:node_modules/create-vite Completed in 1ms
44 timing idealTree:buildDeps Completed in 22ms
45 timing idealTree:fixDepFlags Completed in 0ms
46 timing idealTree Completed in 32ms
47 timing reify:loadTrees Completed in 32ms
48 timing reify:diffTrees Completed in 1ms
49 silly reify moves {}
50 timing reify:retireShallow Completed in 1ms
51 timing reify:createSparse Completed in 2ms
52 timing reify:loadBundles Completed in 0ms
53 silly audit bulk request { 'create-vite': [ '9.1.2' ] }
54 silly tarball no local data for create-vite@https://registry.npmjs.org/create-vite/-/create-vite-9.1.2.tgz. Extracting by manifest.
55 http fetch POST 200 https://registry.npmjs.org/-/npm/v1/security/advisories/bulk 89ms
56 timing auditReport:getReport Completed in 91ms
57 silly audit report {}
58 timing auditReport:init Completed in 0ms
59 timing reify:audit Completed in 92ms
60 http fetch GET 200 https://registry.npmjs.org/create-vite/-/create-vite-9.1.2.tgz 213ms (cache miss)
61 timing reifyNode:node_modules/create-vite Completed in 220ms
62 timing reify:unpack Completed in 220ms
63 timing reify:unretire Completed in 0ms
64 timing build:queue Completed in 0ms
65 timing build:link:node_modules/create-vite Completed in 3ms
66 timing build:link Completed in 4ms
67 timing build:deps Completed in 5ms
68 timing build Completed in 5ms
69 timing reify:build Completed in 5ms
70 timing reify:trash Completed in 0ms
71 timing reify:save Completed in 6ms
72 timing reify Completed in 275ms
