0 verbose cli /usr/bin/node /usr/bin/npm
1 info using npm@9.2.0
2 info using node@v22.22.1
3 timing npm:load:whichnode Completed in 0ms
4 timing config:load:defaults Completed in 3ms
5 timing config:load:file:/usr/share/nodejs/npm/npmrc Completed in 32ms
6 timing config:load:builtin Completed in 32ms
7 timing config:load:cli Completed in 3ms
8 timing config:load:env Completed in 2ms
9 timing config:load:file:/root/mini-food-order/frontend/.npmrc Completed in 0ms
10 timing config:load:project Completed in 6ms
11 timing config:load:file:/root/.npmrc Completed in 1ms
12 timing config:load:user Completed in 1ms
13 timing config:load:file:/etc/npmrc Completed in 0ms
14 timing config:load:global Completed in 1ms
15 timing config:load:setEnvs Completed in 1ms
16 timing config:load Completed in 51ms
17 timing npm:load:configload Completed in 51ms
18 timing npm:load:mkdirpcache Completed in 3ms
19 timing npm:load:mkdirplogs Completed in 0ms
20 verbose title npm install axios
21 verbose argv "install" "axios"
22 timing npm:load:setTitle Completed in 1ms
23 timing config:load:flatten Completed in 3ms
24 timing npm:load:display Completed in 3ms
25 verbose logfile logs-max:10 dir:/root/.npm/_logs/2026-08-21T05_49_03_177Z-
26 verbose logfile /root/.npm/_logs/2026-08-21T05_49_03_177Z-debug-0.log
27 timing npm:load:logFile Completed in 10ms
28 timing npm:load:timers Completed in 1ms
29 timing npm:load:configScope Completed in 0ms
30 timing npm:load Completed in 69ms
31 timing config:load:flatten Completed in 0ms
32 timing arborist:ctor Completed in 1ms
33 silly logfile done cleaning log files
34 timing idealTree:init Completed in 64ms
35 timing idealTree:userRequests Completed in 4ms
36 silly idealTree buildDeps
37 silly fetch manifest axios@*
38 timing arborist:ctor Completed in 0ms
39 http fetch GET 200 https://registry.npmjs.org/axios 126ms (cache revalidated)
40 silly placeDep ROOT axios@1.19.0 OK for: frontend@0.0.0 want: *
41 silly fetch manifest form-data@^4.0.6
42 silly fetch manifest proxy-from-env@^2.1.0
43 silly fetch manifest follow-redirects@^1.16.0
44 silly fetch manifest https-proxy-agent@^5.0.1
45 http fetch GET 200 https://registry.npmjs.org/https-proxy-agent 21ms (cache revalidated)
46 http fetch GET 200 https://registry.npmjs.org/proxy-from-env 34ms (cache revalidated)
47 http fetch GET 200 https://registry.npmjs.org/follow-redirects 38ms (cache revalidated)
48 http fetch GET 200 https://registry.npmjs.org/form-data 47ms (cache revalidated)
49 timing idealTree:#root Completed in 186ms
50 silly placeDep ROOT follow-redirects@1.16.0 OK for: axios@1.19.0 want: ^1.16.0
51 silly placeDep ROOT form-data@4.0.6 OK for: axios@1.19.0 want: ^4.0.6
52 silly placeDep ROOT https-proxy-agent@5.0.1 OK for: axios@1.19.0 want: ^5.0.1
53 silly placeDep ROOT proxy-from-env@2.1.0 OK for: axios@1.19.0 want: ^2.1.0
54 silly fetch manifest hasown@^2.0.4
55 silly fetch manifest asynckit@^0.4.0
56 silly fetch manifest mime-types@^2.1.35
57 silly fetch manifest combined-stream@^1.0.8
58 silly fetch manifest es-set-tostringtag@^2.1.0
59 silly fetch manifest debug@4
60 silly fetch manifest agent-base@6
61 http fetch GET 200 https://registry.npmjs.org/asynckit 38ms (cache revalidated)
62 http fetch GET 200 https://registry.npmjs.org/mime-types 39ms (cache revalidated)
63 http fetch GET 200 https://registry.npmjs.org/hasown 41ms (cache revalidated)
64 http fetch GET 200 https://registry.npmjs.org/combined-stream 43ms (cache revalidated)
65 http fetch GET 200 https://registry.npmjs.org/debug 46ms (cache revalidated)
66 http fetch GET 200 https://registry.npmjs.org/es-set-tostringtag 47ms (cache revalidated)
67 http fetch GET 200 https://registry.npmjs.org/agent-base 48ms (cache revalidated)
68 timing idealTree:node_modules/axios Completed in 64ms
69 timing idealTree:node_modules/follow-redirects Completed in 0ms
70 silly placeDep ROOT asynckit@0.4.0 OK for: form-data@4.0.6 want: ^0.4.0
71 silly placeDep ROOT combined-stream@1.0.8 OK for: form-data@4.0.6 want: ^1.0.8
72 silly placeDep ROOT es-set-tostringtag@2.1.0 OK for: form-data@4.0.6 want: ^2.1.0
73 silly placeDep ROOT hasown@2.0.4 OK for: form-data@4.0.6 want: ^2.0.4
74 silly placeDep ROOT mime-types@2.1.35 OK for: form-data@4.0.6 want: ^2.1.35
75 silly fetch manifest delayed-stream@~1.0.0
76 silly fetch manifest es-errors@^1.3.0
77 silly fetch manifest get-intrinsic@^1.2.6
78 silly fetch manifest has-tostringtag@^1.0.2
79 silly fetch manifest function-bind@^1.1.2
80 silly fetch manifest mime-db@1.52.0
81 http fetch GET 200 https://registry.npmjs.org/has-tostringtag 27ms (cache revalidated)
82 http fetch GET 200 https://registry.npmjs.org/es-errors 29ms (cache revalidated)
83 http fetch GET 200 https://registry.npmjs.org/function-bind 29ms (cache revalidated)
84 http fetch GET 200 https://registry.npmjs.org/get-intrinsic 29ms (cache revalidated)
85 http fetch GET 200 https://registry.npmjs.org/delayed-stream 33ms (cache revalidated)
86 http fetch GET 200 https://registry.npmjs.org/mime-db 41ms (cache revalidated)
87 timing idealTree:node_modules/form-data Completed in 55ms
88 timing idealTree:node_modules/asynckit Completed in 0ms
89 silly placeDep ROOT delayed-stream@1.0.0 OK for: combined-stream@1.0.8 want: ~1.0.0
90 timing idealTree:node_modules/combined-stream Completed in 3ms
91 timing idealTree:node_modules/delayed-stream Completed in 0ms
92 silly placeDep ROOT es-errors@1.3.0 OK for: es-set-tostringtag@2.1.0 want: ^1.3.0
93 silly placeDep ROOT get-intrinsic@1.3.0 OK for: es-set-tostringtag@2.1.0 want: ^1.2.6
94 silly placeDep ROOT has-tostringtag@1.0.2 OK for: es-set-tostringtag@2.1.0 want: ^1.0.2
95 silly fetch manifest gopd@^1.2.0
96 silly fetch manifest get-proto@^1.0.1
97 silly fetch manifest has-symbols@^1.1.0
98 silly fetch manifest es-object-atoms@^1.1.1
99 silly fetch manifest math-intrinsics@^1.1.0
100 silly fetch manifest es-define-property@^1.0.1
101 silly fetch manifest call-bind-apply-helpers@^1.0.2
102 silly fetch manifest has-symbols@^1.0.3
103 http fetch GET 200 https://registry.npmjs.org/get-proto 62ms (cache revalidated)
104 http fetch GET 200 https://registry.npmjs.org/call-bind-apply-helpers 59ms (cache revalidated)
105 http fetch GET 200 https://registry.npmjs.org/es-object-atoms 61ms (cache revalidated)
106 http fetch GET 200 https://registry.npmjs.org/gopd 65ms (cache revalidated)
107 http fetch GET 200 https://registry.npmjs.org/es-define-property 62ms (cache revalidated)
108 http fetch GET 200 https://registry.npmjs.org/math-intrinsics 63ms (cache revalidated)
109 http fetch GET 200 https://registry.npmjs.org/has-symbols 66ms (cache revalidated)
110 http fetch GET 200 https://registry.npmjs.org/has-symbols 62ms (cache revalidated)
111 timing idealTree:node_modules/es-set-tostringtag Completed in 76ms
112 timing idealTree:node_modules/es-errors Completed in 0ms
113 silly placeDep ROOT call-bind-apply-helpers@1.0.2 OK for: get-intrinsic@1.3.0 want: ^1.0.2
114 silly placeDep ROOT es-define-property@1.0.1 OK for: get-intrinsic@1.3.0 want: ^1.0.1
115 silly placeDep ROOT es-object-atoms@1.1.2 OK for: get-intrinsic@1.3.0 want: ^1.1.1
116 silly placeDep ROOT function-bind@1.1.2 OK for: get-intrinsic@1.3.0 want: ^1.1.2
117 silly placeDep ROOT get-proto@1.0.1 OK for: get-intrinsic@1.3.0 want: ^1.0.1
118 silly placeDep ROOT gopd@1.2.0 OK for: get-intrinsic@1.3.0 want: ^1.2.0
119 silly placeDep ROOT has-symbols@1.1.0 OK for: get-intrinsic@1.3.0 want: ^1.1.0
120 silly placeDep ROOT math-intrinsics@1.1.0 OK for: get-intrinsic@1.3.0 want: ^1.1.0
121 silly fetch manifest dunder-proto@^1.0.1
122 http fetch GET 200 https://registry.npmjs.org/dunder-proto 20ms (cache revalidated)
123 timing idealTree:node_modules/get-intrinsic Completed in 37ms
124 timing idealTree:node_modules/call-bind-apply-helpers Completed in 0ms
125 timing idealTree:node_modules/es-define-property Completed in 0ms
126 timing idealTree:node_modules/es-object-atoms Completed in 0ms
127 timing idealTree:node_modules/function-bind Completed in 0ms
128 silly placeDep ROOT dunder-proto@1.0.1 OK for: get-proto@1.0.1 want: ^1.0.1
129 timing idealTree:node_modules/get-proto Completed in 3ms
130 timing idealTree:node_modules/dunder-proto Completed in 0ms
131 timing idealTree:node_modules/gopd Completed in 0ms
132 timing idealTree:node_modules/has-symbols Completed in 0ms
133 timing idealTree:node_modules/has-tostringtag Completed in 0ms
134 timing idealTree:node_modules/hasown Completed in 0ms
135 silly placeDep ROOT agent-base@6.0.2 OK for: https-proxy-agent@5.0.1 want: 6
136 silly placeDep ROOT debug@4.4.3 OK for: https-proxy-agent@5.0.1 want: 4
137 silly fetch manifest ms@^2.1.3
138 http fetch GET 200 https://registry.npmjs.org/ms 15ms (cache revalidated)
139 timing idealTree:node_modules/https-proxy-agent Completed in 19ms
140 timing idealTree:node_modules/agent-base Completed in 0ms
141 silly placeDep ROOT ms@2.1.3 OK for: debug@4.4.3 want: ^2.1.3
142 timing idealTree:node_modules/debug Completed in 1ms
143 timing idealTree:node_modules/math-intrinsics Completed in 0ms
144 silly placeDep ROOT mime-db@1.52.0 OK for: mime-types@2.1.35 want: 1.52.0
145 timing idealTree:node_modules/mime-types Completed in 2ms
146 timing idealTree:node_modules/mime-db Completed in 0ms
147 timing idealTree:node_modules/ms Completed in 0ms
148 timing idealTree:node_modules/proxy-from-env Completed in 0ms
149 timing idealTree:buildDeps Completed in 448ms
150 timing idealTree:fixDepFlags Completed in 1ms
151 timing idealTree Completed in 519ms
152 timing reify:loadTrees Completed in 520ms
153 timing reify:diffTrees Completed in 5ms
154 silly reify moves {}
155 timing reify:retireShallow Completed in 1ms
156 timing reify:createSparse Completed in 11ms
157 timing reify:loadBundles Completed in 0ms
158 silly audit bulk request {
158 silly audit   '@oxc-project/types': [ '0.146.0' ],
158 silly audit   '@oxlint/binding-android-arm-eabi': [ '1.79.0' ],
158 silly audit   '@oxlint/binding-android-arm64': [ '1.79.0' ],
158 silly audit   '@oxlint/binding-darwin-arm64': [ '1.79.0' ],
158 silly audit   '@oxlint/binding-darwin-x64': [ '1.79.0' ],
158 silly audit   '@oxlint/binding-freebsd-x64': [ '1.79.0' ],
158 silly audit   '@oxlint/binding-linux-arm-gnueabihf': [ '1.79.0' ],
158 silly audit   '@oxlint/binding-linux-arm-musleabihf': [ '1.79.0' ],
158 silly audit   '@oxlint/binding-linux-arm64-gnu': [ '1.79.0' ],
158 silly audit   '@oxlint/binding-linux-arm64-musl': [ '1.79.0' ],
158 silly audit   '@oxlint/binding-linux-ppc64-gnu': [ '1.79.0' ],
158 silly audit   '@oxlint/binding-linux-riscv64-gnu': [ '1.79.0' ],
158 silly audit   '@oxlint/binding-linux-riscv64-musl': [ '1.79.0' ],
158 silly audit   '@oxlint/binding-linux-s390x-gnu': [ '1.79.0' ],
158 silly audit   '@oxlint/binding-linux-x64-gnu': [ '1.79.0' ],
158 silly audit   '@oxlint/binding-linux-x64-musl': [ '1.79.0' ],
158 silly audit   '@oxlint/binding-openharmony-arm64': [ '1.79.0' ],
158 silly audit   '@oxlint/binding-win32-arm64-msvc': [ '1.79.0' ],
158 silly audit   '@oxlint/binding-win32-ia32-msvc': [ '1.79.0' ],
158 silly audit   '@oxlint/binding-win32-x64-msvc': [ '1.79.0' ],
158 silly audit   '@rolldown/binding-android-arm-eabi': [ '1.2.5' ],
158 silly audit   '@rolldown/binding-android-arm64': [ '1.2.5' ],
158 silly audit   '@rolldown/binding-darwin-arm64': [ '1.2.5' ],
158 silly audit   '@rolldown/binding-darwin-x64': [ '1.2.5' ],
158 silly audit   '@rolldown/binding-freebsd-x64': [ '1.2.5' ],
158 silly audit   '@rolldown/binding-linux-arm-gnueabihf': [ '1.2.5' ],
158 silly audit   '@rolldown/binding-linux-arm64-gnu': [ '1.2.5' ],
158 silly audit   '@rolldown/binding-linux-arm64-musl': [ '1.2.5' ],
158 silly audit   '@rolldown/binding-linux-ppc64-gnu': [ '1.2.5' ],
158 silly audit   '@rolldown/binding-linux-s390x-gnu': [ '1.2.5' ],
158 silly audit   '@rolldown/binding-linux-x64-gnu': [ '1.2.5' ],
158 silly audit   '@rolldown/binding-linux-x64-musl': [ '1.2.5' ],
158 silly audit   '@rolldown/binding-openharmony-arm64': [ '1.2.5' ],
158 silly audit   '@rolldown/binding-win32-arm64-msvc': [ '1.2.5' ],
158 silly audit   '@rolldown/binding-win32-x64-msvc': [ '1.2.5' ],
158 silly audit   '@rolldown/pluginutils': [ '1.0.1' ],
158 silly audit   '@types/react': [ '19.2.18' ],
158 silly audit   '@types/react-dom': [ '19.2.4' ],
158 silly audit   '@vitejs/plugin-react': [ '6.1.0' ],
158 silly audit   csstype: [ '3.2.3' ],
158 silly audit   'detect-libc': [ '2.1.2' ],
158 silly audit   fdir: [ '6.5.0' ],
158 silly audit   fsevents: [ '2.3.3' ],
158 silly audit   lightningcss: [ '1.33.0' ],
158 silly audit   'lightningcss-android-arm64': [ '1.33.0' ],
158 silly audit   'lightningcss-darwin-arm64': [ '1.33.0' ],
158 silly audit   'lightningcss-darwin-x64': [ '1.33.0' ],
158 silly audit   'lightningcss-freebsd-x64': [ '1.33.0' ],
158 silly audit   'lightningcss-linux-arm-gnueabihf': [ '1.33.0' ],
158 silly audit   'lightningcss-linux-arm64-gnu': [ '1.33.0' ],
158 silly audit   'lightningcss-linux-arm64-musl': [ '1.33.0' ],
158 silly audit   'lightningcss-linux-x64-gnu': [ '1.33.0' ],
158 silly audit   'lightningcss-linux-x64-musl': [ '1.33.0' ],
158 silly audit   'lightningcss-win32-arm64-msvc': [ '1.33.0' ],
158 silly audit   'lightningcss-win32-x64-msvc': [ '1.33.0' ],
158 silly audit   nanoid: [ '3.3.18' ],
158 silly audit   oxlint: [ '1.79.0' ],
158 silly audit   picocolors: [ '1.1.1' ],
158 silly audit   picomatch: [ '4.0.5' ],
158 silly audit   postcss: [ '8.5.26' ],
158 silly audit   react: [ '19.2.8' ],
158 silly audit   'react-dom': [ '19.2.8' ],
158 silly audit   rolldown: [ '1.2.5' ],
158 silly audit   scheduler: [ '0.27.0' ],
158 silly audit   'source-map-js': [ '1.2.1' ],
158 silly audit   tinyglobby: [ '0.2.17' ],
158 silly audit   vite: [ '8.2.2' ],
158 silly audit   axios: [ '1.19.0' ],
158 silly audit   'follow-redirects': [ '1.16.0' ],
158 silly audit   'form-data': [ '4.0.6' ],
158 silly audit   'https-proxy-agent': [ '5.0.1' ],
158 silly audit   'proxy-from-env': [ '2.1.0' ],
158 silly audit   asynckit: [ '0.4.0' ],
158 silly audit   'combined-stream': [ '1.0.8' ],
158 silly audit   'es-set-tostringtag': [ '2.1.0' ],
158 silly audit   hasown: [ '2.0.4' ],
158 silly audit   'mime-types': [ '2.1.35' ],
158 silly audit   'delayed-stream': [ '1.0.0' ],
158 silly audit   'es-errors': [ '1.3.0' ],
158 silly audit   'get-intrinsic': [ '1.3.0' ],
158 silly audit   'has-tostringtag': [ '1.0.2' ],
158 silly audit   'call-bind-apply-helpers': [ '1.0.2' ],
158 silly audit   'es-define-property': [ '1.0.1' ],
158 silly audit   'es-object-atoms': [ '1.1.2' ],
158 silly audit   'function-bind': [ '1.1.2' ],
158 silly audit   'get-proto': [ '1.0.1' ],
158 silly audit   gopd: [ '1.2.0' ],
158 silly audit   'has-symbols': [ '1.1.0' ],
158 silly audit   'math-intrinsics': [ '1.1.0' ],
158 silly audit   'dunder-proto': [ '1.0.1' ],
158 silly audit   'agent-base': [ '6.0.2' ],
158 silly audit   debug: [ '4.4.3' ],
158 silly audit   ms: [ '2.1.3' ],
158 silly audit   'mime-db': [ '1.52.0' ]
158 silly audit }
159 verbose reify failed optional dependency /root/mini-food-order/frontend/node_modules/lightningcss-win32-x64-msvc
160 silly reify mark deleted [
160 silly reify   '/root/mini-food-order/frontend/node_modules/lightningcss-win32-x64-msvc'
160 silly reify ]
161 verbose reify failed optional dependency /root/mini-food-order/frontend/node_modules/lightningcss-win32-arm64-msvc
162 silly reify mark deleted [
162 silly reify   '/root/mini-food-order/frontend/node_modules/lightningcss-win32-arm64-msvc'
162 silly reify ]
163 verbose reify failed optional dependency /root/mini-food-order/frontend/node_modules/lightningcss-linux-arm64-musl
164 silly reify mark deleted [
164 silly reify   '/root/mini-food-order/frontend/node_modules/lightningcss-linux-arm64-musl'
164 silly reify ]
165 verbose reify failed optional dependency /root/mini-food-order/frontend/node_modules/lightningcss-linux-arm64-gnu
166 silly reify mark deleted [
166 silly reify   '/root/mini-food-order/frontend/node_modules/lightningcss-linux-arm64-gnu'
166 silly reify ]
167 verbose reify failed optional dependency /root/mini-food-order/frontend/node_modules/lightningcss-linux-arm-gnueabihf
168 silly reify mark deleted [
168 silly reify   '/root/mini-food-order/frontend/node_modules/lightningcss-linux-arm-gnueabihf'
168 silly reify ]
169 verbose reify failed optional dependency /root/mini-food-order/frontend/node_modules/lightningcss-freebsd-x64
170 silly reify mark deleted [
170 silly reify   '/root/mini-food-order/frontend/node_modules/lightningcss-freebsd-x64'
170 silly reify ]
171 verbose reify failed optional dependency /root/mini-food-order/frontend/node_modules/lightningcss-darwin-x64
172 silly reify mark deleted [
172 silly reify   '/root/mini-food-order/frontend/node_modules/lightningcss-darwin-x64'
172 silly reify ]
173 verbose reify failed optional dependency /root/mini-food-order/frontend/node_modules/lightningcss-darwin-arm64
174 silly reify mark deleted [
174 silly reify   '/root/mini-food-order/frontend/node_modules/lightningcss-darwin-arm64'
174 silly reify ]
175 verbose reify failed optional dependency /root/mini-food-order/frontend/node_modules/lightningcss-android-arm64
176 silly reify mark deleted [
176 silly reify   '/root/mini-food-order/frontend/node_modules/lightningcss-android-arm64'
176 silly reify ]
177 verbose reify failed optional dependency /root/mini-food-order/frontend/node_modules/fsevents
178 silly reify mark deleted [ '/root/mini-food-order/frontend/node_modules/fsevents' ]
179 verbose reify failed optional dependency /root/mini-food-order/frontend/node_modules/@rolldown/binding-win32-x64-msvc
180 silly reify mark deleted [
180 silly reify   '/root/mini-food-order/frontend/node_modules/@rolldown/binding-win32-x64-msvc'
180 silly reify ]
181 verbose reify failed optional dependency /root/mini-food-order/frontend/node_modules/@rolldown/binding-win32-arm64-msvc
182 silly reify mark deleted [
182 silly reify   '/root/mini-food-order/frontend/node_modules/@rolldown/binding-win32-arm64-msvc'
182 silly reify ]
183 verbose reify failed optional dependency /root/mini-food-order/frontend/node_modules/@rolldown/binding-openharmony-arm64
184 silly reify mark deleted [
184 silly reify   '/root/mini-food-order/frontend/node_modules/@rolldown/binding-openharmony-arm64'
184 silly reify ]
185 verbose reify failed optional dependency /root/mini-food-order/frontend/node_modules/@rolldown/binding-linux-s390x-gnu
186 silly reify mark deleted [
186 silly reify   '/root/mini-food-order/frontend/node_modules/@rolldown/binding-linux-s390x-gnu'
186 silly reify ]
187 verbose reify failed optional dependency /root/mini-food-order/frontend/node_modules/@rolldown/binding-linux-ppc64-gnu
188 silly reify mark deleted [
188 silly reify   '/root/mini-food-order/frontend/node_modules/@rolldown/binding-linux-ppc64-gnu'
188 silly reify ]
189 verbose reify failed optional dependency /root/mini-food-order/frontend/node_modules/@rolldown/binding-linux-arm64-musl
190 silly reify mark deleted [
190 silly reify   '/root/mini-food-order/frontend/node_modules/@rolldown/binding-linux-arm64-musl'
190 silly reify ]
191 verbose reify failed optional dependency /root/mini-food-order/frontend/node_modules/@rolldown/binding-linux-arm64-gnu
192 silly reify mark deleted [
192 silly reify   '/root/mini-food-order/frontend/node_modules/@rolldown/binding-linux-arm64-gnu'
192 silly reify ]
193 verbose reify failed optional dependency /root/mini-food-order/frontend/node_modules/@rolldown/binding-linux-arm-gnueabihf
194 silly reify mark deleted [
194 silly reify   '/root/mini-food-order/frontend/node_modules/@rolldown/binding-linux-arm-gnueabihf'
194 silly reify ]
195 verbose reify failed optional dependency /root/mini-food-order/frontend/node_modules/@rolldown/binding-freebsd-x64
196 silly reify mark deleted [
196 silly reify   '/root/mini-food-order/frontend/node_modules/@rolldown/binding-freebsd-x64'
196 silly reify ]
197 verbose reify failed optional dependency /root/mini-food-order/frontend/node_modules/@rolldown/binding-darwin-x64
198 silly reify mark deleted [
198 silly reify   '/root/mini-food-order/frontend/node_modules/@rolldown/binding-darwin-x64'
198 silly reify ]
199 verbose reify failed optional dependency /root/mini-food-order/frontend/node_modules/@rolldown/binding-darwin-arm64
200 silly reify mark deleted [
200 silly reify   '/root/mini-food-order/frontend/node_modules/@rolldown/binding-darwin-arm64'
200 silly reify ]
201 verbose reify failed optional dependency /root/mini-food-order/frontend/node_modules/@rolldown/binding-android-arm64
202 silly reify mark deleted [
202 silly reify   '/root/mini-food-order/frontend/node_modules/@rolldown/binding-android-arm64'
202 silly reify ]
203 verbose reify failed optional dependency /root/mini-food-order/frontend/node_modules/@rolldown/binding-android-arm-eabi
204 silly reify mark deleted [
204 silly reify   '/root/mini-food-order/frontend/node_modules/@rolldown/binding-android-arm-eabi'
204 silly reify ]
205 verbose reify failed optional dependency /root/mini-food-order/frontend/node_modules/@oxlint/binding-win32-x64-msvc
206 silly reify mark deleted [
206 silly reify   '/root/mini-food-order/frontend/node_modules/@oxlint/binding-win32-x64-msvc'
206 silly reify ]
207 verbose reify failed optional dependency /root/mini-food-order/frontend/node_modules/@oxlint/binding-win32-ia32-msvc
208 silly reify mark deleted [
208 silly reify   '/root/mini-food-order/frontend/node_modules/@oxlint/binding-win32-ia32-msvc'
208 silly reify ]
209 verbose reify failed optional dependency /root/mini-food-order/frontend/node_modules/@oxlint/binding-win32-arm64-msvc
210 silly reify mark deleted [
210 silly reify   '/root/mini-food-order/frontend/node_modules/@oxlint/binding-win32-arm64-msvc'
210 silly reify ]
211 verbose reify failed optional dependency /root/mini-food-order/frontend/node_modules/@oxlint/binding-openharmony-arm64
212 silly reify mark deleted [
212 silly reify   '/root/mini-food-order/frontend/node_modules/@oxlint/binding-openharmony-arm64'
212 silly reify ]
213 verbose reify failed optional dependency /root/mini-food-order/frontend/node_modules/@oxlint/binding-linux-s390x-gnu
214 silly reify mark deleted [
214 silly reify   '/root/mini-food-order/frontend/node_modules/@oxlint/binding-linux-s390x-gnu'
214 silly reify ]
215 verbose reify failed optional dependency /root/mini-food-order/frontend/node_modules/@oxlint/binding-linux-riscv64-musl
216 silly reify mark deleted [
216 silly reify   '/root/mini-food-order/frontend/node_modules/@oxlint/binding-linux-riscv64-musl'
216 silly reify ]
217 verbose reify failed optional dependency /root/mini-food-order/frontend/node_modules/@oxlint/binding-linux-riscv64-gnu
218 silly reify mark deleted [
218 silly reify   '/root/mini-food-order/frontend/node_modules/@oxlint/binding-linux-riscv64-gnu'
218 silly reify ]
219 verbose reify failed optional dependency /root/mini-food-order/frontend/node_modules/@oxlint/binding-linux-ppc64-gnu
220 silly reify mark deleted [
220 silly reify   '/root/mini-food-order/frontend/node_modules/@oxlint/binding-linux-ppc64-gnu'
220 silly reify ]
221 verbose reify failed optional dependency /root/mini-food-order/frontend/node_modules/@oxlint/binding-linux-arm64-musl
222 silly reify mark deleted [
222 silly reify   '/root/mini-food-order/frontend/node_modules/@oxlint/binding-linux-arm64-musl'
222 silly reify ]
223 verbose reify failed optional dependency /root/mini-food-order/frontend/node_modules/@oxlint/binding-linux-arm64-gnu
224 silly reify mark deleted [
224 silly reify   '/root/mini-food-order/frontend/node_modules/@oxlint/binding-linux-arm64-gnu'
224 silly reify ]
225 verbose reify failed optional dependency /root/mini-food-order/frontend/node_modules/@oxlint/binding-linux-arm-musleabihf
226 silly reify mark deleted [
226 silly reify   '/root/mini-food-order/frontend/node_modules/@oxlint/binding-linux-arm-musleabihf'
226 silly reify ]
227 verbose reify failed optional dependency /root/mini-food-order/frontend/node_modules/@oxlint/binding-linux-arm-gnueabihf
228 silly reify mark deleted [
228 silly reify   '/root/mini-food-order/frontend/node_modules/@oxlint/binding-linux-arm-gnueabihf'
228 silly reify ]
229 verbose reify failed optional dependency /root/mini-food-order/frontend/node_modules/@oxlint/binding-freebsd-x64
230 silly reify mark deleted [
230 silly reify   '/root/mini-food-order/frontend/node_modules/@oxlint/binding-freebsd-x64'
230 silly reify ]
231 verbose reify failed optional dependency /root/mini-food-order/frontend/node_modules/@oxlint/binding-darwin-x64
232 silly reify mark deleted [
232 silly reify   '/root/mini-food-order/frontend/node_modules/@oxlint/binding-darwin-x64'
232 silly reify ]
233 verbose reify failed optional dependency /root/mini-food-order/frontend/node_modules/@oxlint/binding-darwin-arm64
234 silly reify mark deleted [
234 silly reify   '/root/mini-food-order/frontend/node_modules/@oxlint/binding-darwin-arm64'
234 silly reify ]
235 verbose reify failed optional dependency /root/mini-food-order/frontend/node_modules/@oxlint/binding-android-arm64
236 silly reify mark deleted [
236 silly reify   '/root/mini-food-order/frontend/node_modules/@oxlint/binding-android-arm64'
236 silly reify ]
237 verbose reify failed optional dependency /root/mini-food-order/frontend/node_modules/@oxlint/binding-android-arm-eabi
238 silly reify mark deleted [
238 silly reify   '/root/mini-food-order/frontend/node_modules/@oxlint/binding-android-arm-eabi'
238 silly reify ]
239 timing reifyNode:node_modules/lightningcss-win32-x64-msvc Completed in 13ms
240 timing reifyNode:node_modules/lightningcss-win32-arm64-msvc Completed in 13ms
241 timing reifyNode:node_modules/lightningcss-linux-arm64-musl Completed in 13ms
242 timing reifyNode:node_modules/lightningcss-linux-arm64-gnu Completed in 13ms
243 timing reifyNode:node_modules/lightningcss-linux-arm-gnueabihf Completed in 13ms
244 timing reifyNode:node_modules/lightningcss-freebsd-x64 Completed in 13ms
245 timing reifyNode:node_modules/lightningcss-darwin-x64 Completed in 13ms
246 timing reifyNode:node_modules/lightningcss-darwin-arm64 Completed in 13ms
247 timing reifyNode:node_modules/lightningcss-android-arm64 Completed in 13ms
248 timing reifyNode:node_modules/fsevents Completed in 13ms
249 timing reifyNode:node_modules/@rolldown/binding-win32-x64-msvc Completed in 13ms
250 timing reifyNode:node_modules/@rolldown/binding-win32-arm64-msvc Completed in 13ms
251 timing reifyNode:node_modules/@rolldown/binding-openharmony-arm64 Completed in 13ms
252 timing reifyNode:node_modules/@rolldown/binding-linux-s390x-gnu Completed in 13ms
253 timing reifyNode:node_modules/@rolldown/binding-linux-ppc64-gnu Completed in 15ms
254 timing reifyNode:node_modules/@rolldown/binding-linux-arm64-musl Completed in 15ms
255 timing reifyNode:node_modules/@rolldown/binding-linux-arm64-gnu Completed in 19ms
256 timing reifyNode:node_modules/@rolldown/binding-linux-arm-gnueabihf Completed in 19ms
257 timing reifyNode:node_modules/@rolldown/binding-freebsd-x64 Completed in 19ms
258 timing reifyNode:node_modules/@rolldown/binding-darwin-x64 Completed in 19ms
259 timing reifyNode:node_modules/@rolldown/binding-darwin-arm64 Completed in 19ms
260 timing reifyNode:node_modules/@rolldown/binding-android-arm64 Completed in 18ms
261 timing reifyNode:node_modules/@rolldown/binding-android-arm-eabi Completed in 18ms
262 timing reifyNode:node_modules/@oxlint/binding-win32-x64-msvc Completed in 18ms
263 timing reifyNode:node_modules/@oxlint/binding-win32-ia32-msvc Completed in 18ms
264 timing reifyNode:node_modules/@oxlint/binding-win32-arm64-msvc Completed in 18ms
265 timing reifyNode:node_modules/@oxlint/binding-openharmony-arm64 Completed in 18ms
266 timing reifyNode:node_modules/@oxlint/binding-linux-s390x-gnu Completed in 18ms
267 timing reifyNode:node_modules/@oxlint/binding-linux-riscv64-musl Completed in 18ms
268 timing reifyNode:node_modules/@oxlint/binding-linux-riscv64-gnu Completed in 18ms
269 timing reifyNode:node_modules/@oxlint/binding-linux-ppc64-gnu Completed in 18ms
270 timing reifyNode:node_modules/@oxlint/binding-linux-arm64-musl Completed in 18ms
271 timing reifyNode:node_modules/@oxlint/binding-linux-arm64-gnu Completed in 18ms
272 timing reifyNode:node_modules/@oxlint/binding-linux-arm-musleabihf Completed in 18ms
273 timing reifyNode:node_modules/@oxlint/binding-linux-arm-gnueabihf Completed in 19ms
274 timing reifyNode:node_modules/@oxlint/binding-freebsd-x64 Completed in 19ms
275 timing reifyNode:node_modules/@oxlint/binding-darwin-x64 Completed in 19ms
276 timing reifyNode:node_modules/@oxlint/binding-darwin-arm64 Completed in 19ms
277 timing reifyNode:node_modules/@oxlint/binding-android-arm64 Completed in 19ms
278 timing reifyNode:node_modules/@oxlint/binding-android-arm-eabi Completed in 19ms
279 http fetch POST 200 https://registry.npmjs.org/-/npm/v1/security/advisories/bulk 198ms
280 timing auditReport:getReport Completed in 202ms
281 silly audit report {}
282 timing auditReport:init Completed in 0ms
283 timing reify:audit Completed in 203ms
284 timing reifyNode:node_modules/ms Completed in 226ms
285 timing reifyNode:node_modules/combined-stream Completed in 237ms
286 timing reifyNode:node_modules/proxy-from-env Completed in 236ms
287 timing reifyNode:node_modules/mime-types Completed in 241ms
288 timing reifyNode:node_modules/delayed-stream Completed in 244ms
289 timing reifyNode:node_modules/debug Completed in 248ms
290 timing reifyNode:node_modules/follow-redirects Completed in 251ms
291 timing reifyNode:node_modules/hasown Completed in 254ms
292 timing reifyNode:node_modules/es-set-tostringtag Completed in 260ms
293 timing reifyNode:node_modules/es-define-property Completed in 265ms
294 timing reifyNode:node_modules/gopd Completed in 270ms
295 timing reifyNode:node_modules/https-proxy-agent Completed in 270ms
296 timing reifyNode:node_modules/agent-base Completed in 272ms
297 timing reifyNode:node_modules/dunder-proto Completed in 272ms
298 timing reifyNode:node_modules/get-intrinsic Completed in 272ms
299 timing reifyNode:node_modules/form-data Completed in 272ms
300 timing reifyNode:node_modules/function-bind Completed in 275ms
301 timing reifyNode:node_modules/get-proto Completed in 277ms
302 timing reifyNode:node_modules/mime-db Completed in 280ms
303 timing reifyNode:node_modules/es-object-atoms Completed in 282ms
304 timing reifyNode:node_modules/has-tostringtag Completed in 283ms
305 timing reifyNode:node_modules/asynckit Completed in 286ms
306 timing reifyNode:node_modules/has-symbols Completed in 288ms
307 timing reifyNode:node_modules/call-bind-apply-helpers Completed in 289ms
308 timing reifyNode:node_modules/es-errors Completed in 290ms
309 timing reifyNode:node_modules/math-intrinsics Completed in 299ms
310 timing reifyNode:node_modules/axios Completed in 343ms
311 timing reify:unpack Completed in 346ms
312 timing reify:unretire Completed in 1ms
313 timing build:queue Completed in 9ms
314 timing build:deps Completed in 9ms
315 timing build Completed in 10ms
316 timing reify:build Completed in 10ms
317 timing reify:trash Completed in 4ms
318 timing reify:save Completed in 39ms
319 timing reify Completed in 972ms
320 silly ADD node_modules/mime-db
321 silly ADD node_modules/ms
322 silly ADD node_modules/debug
323 silly ADD node_modules/agent-base
324 silly ADD node_modules/dunder-proto
325 silly ADD node_modules/math-intrinsics
326 silly ADD node_modules/has-symbols
327 silly ADD node_modules/gopd
328 silly ADD node_modules/get-proto
329 silly ADD node_modules/function-bind
330 silly ADD node_modules/es-object-atoms
331 silly ADD node_modules/es-define-property
332 silly ADD node_modules/call-bind-apply-helpers
333 silly ADD node_modules/has-tostringtag
334 silly ADD node_modules/get-intrinsic
335 silly ADD node_modules/es-errors
336 silly ADD node_modules/delayed-stream
337 silly ADD node_modules/mime-types
338 silly ADD node_modules/hasown
339 silly ADD node_modules/es-set-tostringtag
340 silly ADD node_modules/combined-stream
341 silly ADD node_modules/asynckit
342 silly ADD node_modules/proxy-from-env
343 silly ADD node_modules/https-proxy-agent
344 silly ADD node_modules/form-data
345 silly ADD node_modules/follow-redirects
346 silly ADD node_modules/axios
347 silly ADD
348 silly ADD
349 silly ADD
350 silly ADD
351 silly ADD
352 silly ADD
353 silly ADD
354 silly ADD
355 silly ADD
356 silly ADD
357 silly ADD
358 silly ADD
359 silly ADD
360 silly ADD
361 silly ADD
362 silly ADD
363 silly ADD
364 silly ADD
365 silly ADD
366 silly ADD
367 silly ADD
368 silly ADD
369 silly ADD
370 silly ADD
371 silly ADD
372 silly ADD
373 silly ADD
374 silly ADD
375 silly ADD
376 silly ADD
377 silly ADD
378 silly ADD
379 silly ADD
380 silly ADD
381 silly ADD
382 silly ADD
383 silly ADD
384 silly ADD
385 silly ADD
386 silly ADD
387 timing command:install Completed in 990ms
388 verbose exit 0
389 timing npm Completed in 1076ms
390 info ok
