0 verbose cli /usr/bin/node /usr/bin/npm
1 info using npm@9.2.0
2 info using node@v22.22.1
3 timing npm:load:whichnode Completed in 1ms
4 timing config:load:defaults Completed in 2ms
5 timing config:load:file:/usr/share/nodejs/npm/npmrc Completed in 16ms
6 timing config:load:builtin Completed in 16ms
7 timing config:load:cli Completed in 2ms
8 timing config:load:env Completed in 1ms
9 timing config:load:file:/root/mini-food-order/frontend/.npmrc Completed in 1ms
10 timing config:load:project Completed in 10ms
11 timing config:load:file:/root/.npmrc Completed in 0ms
12 timing config:load:user Completed in 0ms
13 timing config:load:file:/etc/npmrc Completed in 0ms
14 timing config:load:global Completed in 0ms
15 timing config:load:setEnvs Completed in 2ms
16 timing config:load Completed in 34ms
17 timing npm:load:configload Completed in 34ms
18 timing npm:load:mkdirpcache Completed in 0ms
19 timing npm:load:mkdirplogs Completed in 0ms
20 verbose title npm install
21 verbose argv "install"
22 timing npm:load:setTitle Completed in 1ms
23 timing config:load:flatten Completed in 2ms
24 timing npm:load:display Completed in 3ms
25 verbose logfile logs-max:10 dir:/root/.npm/_logs/2026-08-21T05_48_52_122Z-
26 verbose logfile /root/.npm/_logs/2026-08-21T05_48_52_122Z-debug-0.log
27 timing npm:load:logFile Completed in 10ms
28 timing npm:load:timers Completed in 0ms
29 timing npm:load:configScope Completed in 0ms
30 timing npm:load Completed in 50ms
31 timing config:load:flatten Completed in 0ms
32 timing arborist:ctor Completed in 1ms
33 silly logfile done cleaning log files
34 timing idealTree:init Completed in 62ms
35 timing idealTree:userRequests Completed in 0ms
36 silly idealTree buildDeps
37 timing idealTree:#root Completed in 0ms
38 timing idealTree:buildDeps Completed in 2ms
39 timing idealTree:fixDepFlags Completed in 0ms
40 timing idealTree Completed in 68ms
41 verbose shrinkwrap failed to load node_modules/.package-lock.json out of date, updated: node_modules
42 timing reify:loadTrees Completed in 105ms
43 timing reify:diffTrees Completed in 5ms
44 silly reify moves {}
45 timing reify:retireShallow Completed in 3ms
46 timing reify:createSparse Completed in 8ms
47 timing reify:loadBundles Completed in 0ms
48 silly audit bulk request {
48 silly audit   '@oxc-project/types': [ '0.146.0' ],
48 silly audit   '@oxlint/binding-android-arm-eabi': [ '1.79.0' ],
48 silly audit   '@oxlint/binding-android-arm64': [ '1.79.0' ],
48 silly audit   '@oxlint/binding-darwin-arm64': [ '1.79.0' ],
48 silly audit   '@oxlint/binding-darwin-x64': [ '1.79.0' ],
48 silly audit   '@oxlint/binding-freebsd-x64': [ '1.79.0' ],
48 silly audit   '@oxlint/binding-linux-arm-gnueabihf': [ '1.79.0' ],
48 silly audit   '@oxlint/binding-linux-arm-musleabihf': [ '1.79.0' ],
48 silly audit   '@oxlint/binding-linux-arm64-gnu': [ '1.79.0' ],
48 silly audit   '@oxlint/binding-linux-arm64-musl': [ '1.79.0' ],
48 silly audit   '@oxlint/binding-linux-ppc64-gnu': [ '1.79.0' ],
48 silly audit   '@oxlint/binding-linux-riscv64-gnu': [ '1.79.0' ],
48 silly audit   '@oxlint/binding-linux-riscv64-musl': [ '1.79.0' ],
48 silly audit   '@oxlint/binding-linux-s390x-gnu': [ '1.79.0' ],
48 silly audit   '@oxlint/binding-linux-x64-gnu': [ '1.79.0' ],
48 silly audit   '@oxlint/binding-linux-x64-musl': [ '1.79.0' ],
48 silly audit   '@oxlint/binding-openharmony-arm64': [ '1.79.0' ],
48 silly audit   '@oxlint/binding-win32-arm64-msvc': [ '1.79.0' ],
48 silly audit   '@oxlint/binding-win32-ia32-msvc': [ '1.79.0' ],
48 silly audit   '@oxlint/binding-win32-x64-msvc': [ '1.79.0' ],
48 silly audit   '@rolldown/binding-android-arm-eabi': [ '1.2.5' ],
48 silly audit   '@rolldown/binding-android-arm64': [ '1.2.5' ],
48 silly audit   '@rolldown/binding-darwin-arm64': [ '1.2.5' ],
48 silly audit   '@rolldown/binding-darwin-x64': [ '1.2.5' ],
48 silly audit   '@rolldown/binding-freebsd-x64': [ '1.2.5' ],
48 silly audit   '@rolldown/binding-linux-arm-gnueabihf': [ '1.2.5' ],
48 silly audit   '@rolldown/binding-linux-arm64-gnu': [ '1.2.5' ],
48 silly audit   '@rolldown/binding-linux-arm64-musl': [ '1.2.5' ],
48 silly audit   '@rolldown/binding-linux-ppc64-gnu': [ '1.2.5' ],
48 silly audit   '@rolldown/binding-linux-s390x-gnu': [ '1.2.5' ],
48 silly audit   '@rolldown/binding-linux-x64-gnu': [ '1.2.5' ],
48 silly audit   '@rolldown/binding-linux-x64-musl': [ '1.2.5' ],
48 silly audit   '@rolldown/binding-openharmony-arm64': [ '1.2.5' ],
48 silly audit   '@rolldown/binding-win32-arm64-msvc': [ '1.2.5' ],
48 silly audit   '@rolldown/binding-win32-x64-msvc': [ '1.2.5' ],
48 silly audit   '@rolldown/pluginutils': [ '1.0.1' ],
48 silly audit   '@types/react': [ '19.2.18' ],
48 silly audit   '@types/react-dom': [ '19.2.4' ],
48 silly audit   '@vitejs/plugin-react': [ '6.1.0' ],
48 silly audit   csstype: [ '3.2.3' ],
48 silly audit   'detect-libc': [ '2.1.2' ],
48 silly audit   fdir: [ '6.5.0' ],
48 silly audit   fsevents: [ '2.3.3' ],
48 silly audit   lightningcss: [ '1.33.0' ],
48 silly audit   'lightningcss-android-arm64': [ '1.33.0' ],
48 silly audit   'lightningcss-darwin-arm64': [ '1.33.0' ],
48 silly audit   'lightningcss-darwin-x64': [ '1.33.0' ],
48 silly audit   'lightningcss-freebsd-x64': [ '1.33.0' ],
48 silly audit   'lightningcss-linux-arm-gnueabihf': [ '1.33.0' ],
48 silly audit   'lightningcss-linux-arm64-gnu': [ '1.33.0' ],
48 silly audit   'lightningcss-linux-arm64-musl': [ '1.33.0' ],
48 silly audit   'lightningcss-linux-x64-gnu': [ '1.33.0' ],
48 silly audit   'lightningcss-linux-x64-musl': [ '1.33.0' ],
48 silly audit   'lightningcss-win32-arm64-msvc': [ '1.33.0' ],
48 silly audit   'lightningcss-win32-x64-msvc': [ '1.33.0' ],
48 silly audit   nanoid: [ '3.3.18' ],
48 silly audit   oxlint: [ '1.79.0' ],
48 silly audit   picocolors: [ '1.1.1' ],
48 silly audit   picomatch: [ '4.0.5' ],
48 silly audit   postcss: [ '8.5.26' ],
48 silly audit   react: [ '19.2.8' ],
48 silly audit   'react-dom': [ '19.2.8' ],
48 silly audit   rolldown: [ '1.2.5' ],
48 silly audit   scheduler: [ '0.27.0' ],
48 silly audit   'source-map-js': [ '1.2.1' ],
48 silly audit   tinyglobby: [ '0.2.17' ],
48 silly audit   vite: [ '8.2.2' ]
48 silly audit }
49 verbose reify failed optional dependency /root/mini-food-order/frontend/node_modules/lightningcss-win32-x64-msvc
50 silly reify mark deleted [
50 silly reify   '/root/mini-food-order/frontend/node_modules/lightningcss-win32-x64-msvc'
50 silly reify ]
51 verbose reify failed optional dependency /root/mini-food-order/frontend/node_modules/lightningcss-win32-arm64-msvc
52 silly reify mark deleted [
52 silly reify   '/root/mini-food-order/frontend/node_modules/lightningcss-win32-arm64-msvc'
52 silly reify ]
53 verbose reify failed optional dependency /root/mini-food-order/frontend/node_modules/lightningcss-linux-arm64-musl
54 silly reify mark deleted [
54 silly reify   '/root/mini-food-order/frontend/node_modules/lightningcss-linux-arm64-musl'
54 silly reify ]
55 verbose reify failed optional dependency /root/mini-food-order/frontend/node_modules/lightningcss-linux-arm64-gnu
56 silly reify mark deleted [
56 silly reify   '/root/mini-food-order/frontend/node_modules/lightningcss-linux-arm64-gnu'
56 silly reify ]
57 verbose reify failed optional dependency /root/mini-food-order/frontend/node_modules/lightningcss-linux-arm-gnueabihf
58 silly reify mark deleted [
58 silly reify   '/root/mini-food-order/frontend/node_modules/lightningcss-linux-arm-gnueabihf'
58 silly reify ]
59 verbose reify failed optional dependency /root/mini-food-order/frontend/node_modules/lightningcss-freebsd-x64
60 silly reify mark deleted [
60 silly reify   '/root/mini-food-order/frontend/node_modules/lightningcss-freebsd-x64'
60 silly reify ]
61 verbose reify failed optional dependency /root/mini-food-order/frontend/node_modules/lightningcss-darwin-x64
62 silly reify mark deleted [
62 silly reify   '/root/mini-food-order/frontend/node_modules/lightningcss-darwin-x64'
62 silly reify ]
63 verbose reify failed optional dependency /root/mini-food-order/frontend/node_modules/lightningcss-darwin-arm64
64 silly reify mark deleted [
64 silly reify   '/root/mini-food-order/frontend/node_modules/lightningcss-darwin-arm64'
64 silly reify ]
65 verbose reify failed optional dependency /root/mini-food-order/frontend/node_modules/lightningcss-android-arm64
66 silly reify mark deleted [
66 silly reify   '/root/mini-food-order/frontend/node_modules/lightningcss-android-arm64'
66 silly reify ]
67 verbose reify failed optional dependency /root/mini-food-order/frontend/node_modules/fsevents
68 silly reify mark deleted [ '/root/mini-food-order/frontend/node_modules/fsevents' ]
69 verbose reify failed optional dependency /root/mini-food-order/frontend/node_modules/@rolldown/binding-win32-x64-msvc
70 silly reify mark deleted [
70 silly reify   '/root/mini-food-order/frontend/node_modules/@rolldown/binding-win32-x64-msvc'
70 silly reify ]
71 verbose reify failed optional dependency /root/mini-food-order/frontend/node_modules/@rolldown/binding-win32-arm64-msvc
72 silly reify mark deleted [
72 silly reify   '/root/mini-food-order/frontend/node_modules/@rolldown/binding-win32-arm64-msvc'
72 silly reify ]
73 verbose reify failed optional dependency /root/mini-food-order/frontend/node_modules/@rolldown/binding-openharmony-arm64
74 silly reify mark deleted [
74 silly reify   '/root/mini-food-order/frontend/node_modules/@rolldown/binding-openharmony-arm64'
74 silly reify ]
75 verbose reify failed optional dependency /root/mini-food-order/frontend/node_modules/@rolldown/binding-linux-s390x-gnu
76 silly reify mark deleted [
76 silly reify   '/root/mini-food-order/frontend/node_modules/@rolldown/binding-linux-s390x-gnu'
76 silly reify ]
77 verbose reify failed optional dependency /root/mini-food-order/frontend/node_modules/@rolldown/binding-linux-ppc64-gnu
78 silly reify mark deleted [
78 silly reify   '/root/mini-food-order/frontend/node_modules/@rolldown/binding-linux-ppc64-gnu'
78 silly reify ]
79 verbose reify failed optional dependency /root/mini-food-order/frontend/node_modules/@rolldown/binding-linux-arm64-musl
80 silly reify mark deleted [
80 silly reify   '/root/mini-food-order/frontend/node_modules/@rolldown/binding-linux-arm64-musl'
80 silly reify ]
81 verbose reify failed optional dependency /root/mini-food-order/frontend/node_modules/@rolldown/binding-linux-arm64-gnu
82 silly reify mark deleted [
82 silly reify   '/root/mini-food-order/frontend/node_modules/@rolldown/binding-linux-arm64-gnu'
82 silly reify ]
83 verbose reify failed optional dependency /root/mini-food-order/frontend/node_modules/@rolldown/binding-linux-arm-gnueabihf
84 silly reify mark deleted [
84 silly reify   '/root/mini-food-order/frontend/node_modules/@rolldown/binding-linux-arm-gnueabihf'
84 silly reify ]
85 verbose reify failed optional dependency /root/mini-food-order/frontend/node_modules/@rolldown/binding-freebsd-x64
86 silly reify mark deleted [
86 silly reify   '/root/mini-food-order/frontend/node_modules/@rolldown/binding-freebsd-x64'
86 silly reify ]
87 verbose reify failed optional dependency /root/mini-food-order/frontend/node_modules/@rolldown/binding-darwin-x64
88 silly reify mark deleted [
88 silly reify   '/root/mini-food-order/frontend/node_modules/@rolldown/binding-darwin-x64'
88 silly reify ]
89 verbose reify failed optional dependency /root/mini-food-order/frontend/node_modules/@rolldown/binding-darwin-arm64
90 silly reify mark deleted [
90 silly reify   '/root/mini-food-order/frontend/node_modules/@rolldown/binding-darwin-arm64'
90 silly reify ]
91 verbose reify failed optional dependency /root/mini-food-order/frontend/node_modules/@rolldown/binding-android-arm64
92 silly reify mark deleted [
92 silly reify   '/root/mini-food-order/frontend/node_modules/@rolldown/binding-android-arm64'
92 silly reify ]
93 verbose reify failed optional dependency /root/mini-food-order/frontend/node_modules/@rolldown/binding-android-arm-eabi
94 silly reify mark deleted [
94 silly reify   '/root/mini-food-order/frontend/node_modules/@rolldown/binding-android-arm-eabi'
94 silly reify ]
95 verbose reify failed optional dependency /root/mini-food-order/frontend/node_modules/@oxlint/binding-win32-x64-msvc
96 silly reify mark deleted [
96 silly reify   '/root/mini-food-order/frontend/node_modules/@oxlint/binding-win32-x64-msvc'
96 silly reify ]
97 verbose reify failed optional dependency /root/mini-food-order/frontend/node_modules/@oxlint/binding-win32-ia32-msvc
98 silly reify mark deleted [
98 silly reify   '/root/mini-food-order/frontend/node_modules/@oxlint/binding-win32-ia32-msvc'
98 silly reify ]
99 verbose reify failed optional dependency /root/mini-food-order/frontend/node_modules/@oxlint/binding-win32-arm64-msvc
100 silly reify mark deleted [
100 silly reify   '/root/mini-food-order/frontend/node_modules/@oxlint/binding-win32-arm64-msvc'
100 silly reify ]
101 verbose reify failed optional dependency /root/mini-food-order/frontend/node_modules/@oxlint/binding-openharmony-arm64
102 silly reify mark deleted [
102 silly reify   '/root/mini-food-order/frontend/node_modules/@oxlint/binding-openharmony-arm64'
102 silly reify ]
103 verbose reify failed optional dependency /root/mini-food-order/frontend/node_modules/@oxlint/binding-linux-s390x-gnu
104 silly reify mark deleted [
104 silly reify   '/root/mini-food-order/frontend/node_modules/@oxlint/binding-linux-s390x-gnu'
104 silly reify ]
105 verbose reify failed optional dependency /root/mini-food-order/frontend/node_modules/@oxlint/binding-linux-riscv64-musl
106 silly reify mark deleted [
106 silly reify   '/root/mini-food-order/frontend/node_modules/@oxlint/binding-linux-riscv64-musl'
106 silly reify ]
107 verbose reify failed optional dependency /root/mini-food-order/frontend/node_modules/@oxlint/binding-linux-riscv64-gnu
108 silly reify mark deleted [
108 silly reify   '/root/mini-food-order/frontend/node_modules/@oxlint/binding-linux-riscv64-gnu'
108 silly reify ]
109 verbose reify failed optional dependency /root/mini-food-order/frontend/node_modules/@oxlint/binding-linux-ppc64-gnu
110 silly reify mark deleted [
110 silly reify   '/root/mini-food-order/frontend/node_modules/@oxlint/binding-linux-ppc64-gnu'
110 silly reify ]
111 verbose reify failed optional dependency /root/mini-food-order/frontend/node_modules/@oxlint/binding-linux-arm64-musl
112 silly reify mark deleted [
112 silly reify   '/root/mini-food-order/frontend/node_modules/@oxlint/binding-linux-arm64-musl'
112 silly reify ]
113 verbose reify failed optional dependency /root/mini-food-order/frontend/node_modules/@oxlint/binding-linux-arm64-gnu
114 silly reify mark deleted [
114 silly reify   '/root/mini-food-order/frontend/node_modules/@oxlint/binding-linux-arm64-gnu'
114 silly reify ]
115 verbose reify failed optional dependency /root/mini-food-order/frontend/node_modules/@oxlint/binding-linux-arm-musleabihf
116 silly reify mark deleted [
116 silly reify   '/root/mini-food-order/frontend/node_modules/@oxlint/binding-linux-arm-musleabihf'
116 silly reify ]
117 verbose reify failed optional dependency /root/mini-food-order/frontend/node_modules/@oxlint/binding-linux-arm-gnueabihf
118 silly reify mark deleted [
118 silly reify   '/root/mini-food-order/frontend/node_modules/@oxlint/binding-linux-arm-gnueabihf'
118 silly reify ]
119 verbose reify failed optional dependency /root/mini-food-order/frontend/node_modules/@oxlint/binding-freebsd-x64
120 silly reify mark deleted [
120 silly reify   '/root/mini-food-order/frontend/node_modules/@oxlint/binding-freebsd-x64'
120 silly reify ]
121 verbose reify failed optional dependency /root/mini-food-order/frontend/node_modules/@oxlint/binding-darwin-x64
122 silly reify mark deleted [
122 silly reify   '/root/mini-food-order/frontend/node_modules/@oxlint/binding-darwin-x64'
122 silly reify ]
123 verbose reify failed optional dependency /root/mini-food-order/frontend/node_modules/@oxlint/binding-darwin-arm64
124 silly reify mark deleted [
124 silly reify   '/root/mini-food-order/frontend/node_modules/@oxlint/binding-darwin-arm64'
124 silly reify ]
125 verbose reify failed optional dependency /root/mini-food-order/frontend/node_modules/@oxlint/binding-android-arm64
126 silly reify mark deleted [
126 silly reify   '/root/mini-food-order/frontend/node_modules/@oxlint/binding-android-arm64'
126 silly reify ]
127 verbose reify failed optional dependency /root/mini-food-order/frontend/node_modules/@oxlint/binding-android-arm-eabi
128 silly reify mark deleted [
128 silly reify   '/root/mini-food-order/frontend/node_modules/@oxlint/binding-android-arm-eabi'
128 silly reify ]
129 timing reifyNode:node_modules/lightningcss-win32-x64-msvc Completed in 37ms
130 timing reifyNode:node_modules/lightningcss-win32-arm64-msvc Completed in 37ms
131 timing reifyNode:node_modules/lightningcss-linux-arm64-musl Completed in 37ms
132 timing reifyNode:node_modules/lightningcss-linux-arm64-gnu Completed in 38ms
133 timing reifyNode:node_modules/lightningcss-linux-arm-gnueabihf Completed in 37ms
134 timing reifyNode:node_modules/lightningcss-freebsd-x64 Completed in 37ms
135 timing reifyNode:node_modules/lightningcss-darwin-x64 Completed in 37ms
136 timing reifyNode:node_modules/lightningcss-darwin-arm64 Completed in 37ms
137 timing reifyNode:node_modules/lightningcss-android-arm64 Completed in 37ms
138 timing reifyNode:node_modules/fsevents Completed in 37ms
139 timing reifyNode:node_modules/@rolldown/binding-win32-x64-msvc Completed in 37ms
140 timing reifyNode:node_modules/@rolldown/binding-win32-arm64-msvc Completed in 37ms
141 timing reifyNode:node_modules/@rolldown/binding-openharmony-arm64 Completed in 37ms
142 timing reifyNode:node_modules/@rolldown/binding-linux-s390x-gnu Completed in 37ms
143 timing reifyNode:node_modules/@rolldown/binding-linux-ppc64-gnu Completed in 37ms
144 timing reifyNode:node_modules/@rolldown/binding-linux-arm64-musl Completed in 37ms
145 timing reifyNode:node_modules/@rolldown/binding-linux-arm64-gnu Completed in 37ms
146 timing reifyNode:node_modules/@rolldown/binding-linux-arm-gnueabihf Completed in 37ms
147 timing reifyNode:node_modules/@rolldown/binding-freebsd-x64 Completed in 37ms
148 timing reifyNode:node_modules/@rolldown/binding-darwin-x64 Completed in 37ms
149 timing reifyNode:node_modules/@rolldown/binding-darwin-arm64 Completed in 36ms
150 timing reifyNode:node_modules/@rolldown/binding-android-arm64 Completed in 36ms
151 timing reifyNode:node_modules/@rolldown/binding-android-arm-eabi Completed in 36ms
152 timing reifyNode:node_modules/@oxlint/binding-win32-x64-msvc Completed in 36ms
153 timing reifyNode:node_modules/@oxlint/binding-win32-ia32-msvc Completed in 36ms
154 timing reifyNode:node_modules/@oxlint/binding-win32-arm64-msvc Completed in 36ms
155 timing reifyNode:node_modules/@oxlint/binding-openharmony-arm64 Completed in 36ms
156 timing reifyNode:node_modules/@oxlint/binding-linux-s390x-gnu Completed in 36ms
157 timing reifyNode:node_modules/@oxlint/binding-linux-riscv64-musl Completed in 36ms
158 timing reifyNode:node_modules/@oxlint/binding-linux-riscv64-gnu Completed in 36ms
159 timing reifyNode:node_modules/@oxlint/binding-linux-ppc64-gnu Completed in 36ms
160 timing reifyNode:node_modules/@oxlint/binding-linux-arm64-musl Completed in 35ms
161 timing reifyNode:node_modules/@oxlint/binding-linux-arm64-gnu Completed in 35ms
162 timing reifyNode:node_modules/@oxlint/binding-linux-arm-musleabihf Completed in 36ms
163 timing reifyNode:node_modules/@oxlint/binding-linux-arm-gnueabihf Completed in 36ms
164 timing reifyNode:node_modules/@oxlint/binding-freebsd-x64 Completed in 36ms
165 timing reifyNode:node_modules/@oxlint/binding-darwin-x64 Completed in 36ms
166 timing reifyNode:node_modules/@oxlint/binding-darwin-arm64 Completed in 36ms
167 timing reifyNode:node_modules/@oxlint/binding-android-arm64 Completed in 36ms
168 timing reifyNode:node_modules/@oxlint/binding-android-arm-eabi Completed in 36ms
169 timing reify:unpack Completed in 39ms
170 timing reify:unretire Completed in 1ms
171 timing build:queue Completed in 13ms
172 timing build:deps Completed in 14ms
173 timing build Completed in 15ms
174 timing reify:build Completed in 15ms
175 timing reify:trash Completed in 7ms
176 timing reify:save Completed in 46ms
177 http fetch POST 200 https://registry.npmjs.org/-/npm/v1/security/advisories/bulk 226ms
178 timing auditReport:getReport Completed in 231ms
179 silly audit report {}
180 timing auditReport:init Completed in 0ms
181 timing reify:audit Completed in 231ms
182 timing reify Completed in 361ms
183 silly ADD
184 silly ADD
185 silly ADD
186 silly ADD
187 silly ADD
188 silly ADD
189 silly ADD
190 silly ADD
191 silly ADD
192 silly ADD
193 silly ADD
194 silly ADD
195 silly ADD
196 silly ADD
197 silly ADD
198 silly ADD
199 silly ADD
200 silly ADD
201 silly ADD
202 silly ADD
203 silly ADD
204 silly ADD
205 silly ADD
206 silly ADD
207 silly ADD
208 silly ADD
209 silly ADD
210 silly ADD
211 silly ADD
212 silly ADD
213 silly ADD
214 silly ADD
215 silly ADD
216 silly ADD
217 silly ADD
218 silly ADD
219 silly ADD
220 silly ADD
221 silly ADD
222 silly ADD
223 timing command:install Completed in 372ms
224 verbose exit 0
225 timing npm Completed in 447ms
226 info ok
