0 verbose cli /usr/bin/node /usr/bin/npm
1 info using npm@9.2.0
2 info using node@v22.22.1
3 timing npm:load:whichnode Completed in 0ms
4 timing config:load:defaults Completed in 1ms
5 timing config:load:file:/usr/share/nodejs/npm/npmrc Completed in 17ms
6 timing config:load:builtin Completed in 17ms
7 timing config:load:cli Completed in 2ms
8 timing config:load:env Completed in 1ms
9 timing config:load:file:/root/mini-food-order/frontend/.npmrc Completed in 0ms
10 timing config:load:project Completed in 8ms
11 timing config:load:file:/root/.npmrc Completed in 1ms
12 timing config:load:user Completed in 1ms
13 timing config:load:file:/etc/npmrc Completed in 0ms
14 timing config:load:global Completed in 0ms
15 timing config:load:setEnvs Completed in 2ms
16 timing config:load Completed in 33ms
17 timing npm:load:configload Completed in 34ms
18 timing npm:load:mkdirpcache Completed in 0ms
19 timing npm:load:mkdirplogs Completed in 0ms
20 verbose title npm install
21 verbose argv "install"
22 timing npm:load:setTitle Completed in 1ms
23 timing config:load:flatten Completed in 2ms
24 timing npm:load:display Completed in 4ms
25 verbose logfile logs-max:10 dir:/root/.npm/_logs/2026-08-21T05_46_56_495Z-
26 verbose logfile /root/.npm/_logs/2026-08-21T05_46_56_495Z-debug-0.log
27 timing npm:load:logFile Completed in 10ms
28 timing npm:load:timers Completed in 0ms
29 timing npm:load:configScope Completed in 0ms
30 timing npm:load Completed in 50ms
31 timing config:load:flatten Completed in 1ms
32 timing arborist:ctor Completed in 1ms
33 silly logfile done cleaning log files
34 timing arborist:ctor Completed in 0ms
35 timing idealTree:init Completed in 17ms
36 timing idealTree:userRequests Completed in 0ms
37 silly idealTree buildDeps
38 silly fetch manifest react@^19.2.8
39 http fetch GET 200 https://registry.npmjs.org/react 197ms (cache miss)
40 silly fetch manifest react-dom@^19.2.8
41 http fetch GET 200 https://registry.npmjs.org/react-dom 149ms (cache miss)
42 silly fetch manifest @types/react@^19.2.17
43 http fetch GET 200 https://registry.npmjs.org/@types%2freact 63ms (cache miss)
44 silly fetch manifest @types/react-dom@^19.2.3
45 http fetch GET 200 https://registry.npmjs.org/@types%2freact-dom 33ms (cache miss)
46 silly fetch manifest @vitejs/plugin-react@^6.0.4
47 http fetch GET 200 https://registry.npmjs.org/@vitejs%2fplugin-react 32ms (cache miss)
48 silly fetch manifest @rolldown/plugin-babel@^0.1.7 || ^0.2.0
49 http fetch GET 200 https://registry.npmjs.org/@rolldown%2fplugin-babel 70ms (cache miss)
50 silly fetch manifest @babel/core@^7.29.0 || ^8.0.0-rc.1
51 http fetch GET 200 https://registry.npmjs.org/@babel%2fcore 34ms (cache miss)
52 silly fetch manifest @babel/plugin-transform-runtime@^7.29.0 || ^8.0.0-rc.1
53 http fetch GET 200 https://registry.npmjs.org/@babel%2fplugin-transform-runtime 35ms (cache miss)
54 silly fetch manifest @babel/runtime@^7.27.0 || ^8.0.0-rc.1
55 http fetch GET 200 https://registry.npmjs.org/@babel%2fruntime 37ms (cache miss)
56 silly fetch manifest rolldown@^1.0.0-rc.5
57 http fetch GET 200 https://registry.npmjs.org/rolldown 55ms (cache miss)
58 silly fetch manifest vite@^8.2.0
59 http fetch GET 200 https://registry.npmjs.org/vite 72ms (cache miss)
60 silly fetch manifest @types/node@^20.19.0 || >=22.12.0
61 http fetch GET 200 https://registry.npmjs.org/@types%2fnode 133ms (cache miss)
62 silly fetch manifest @vitejs/devtools@^0.4.0 || ^0.5.0
63 http fetch GET 200 https://registry.npmjs.org/@vitejs%2fdevtools 45ms (cache miss)
64 silly fetch manifest @vitejs/devtools-oxc@^0.5.1
65 http fetch GET 200 https://registry.npmjs.org/@vitejs%2fdevtools-oxc 25ms (cache miss)
66 silly fetch manifest @vitejs/devtools-rolldown@^0.5.1
67 http fetch GET 200 https://registry.npmjs.org/@vitejs%2fdevtools-rolldown 32ms (cache miss)
68 silly fetch manifest @vitejs/devtools-vite@^0.5.1
69 http fetch GET 200 https://registry.npmjs.org/@vitejs%2fdevtools-vite 36ms (cache miss)
70 silly fetch manifest @vitejs/devtools-vitest@^0.5.1
71 http fetch GET 200 https://registry.npmjs.org/@vitejs%2fdevtools-vitest 29ms (cache miss)
72 silly fetch manifest vitest@*
73 http fetch GET 200 https://registry.npmjs.org/vitest 59ms (cache miss)
74 silly fetch manifest @edge-runtime/vm@*
75 http fetch GET 200 https://registry.npmjs.org/@edge-runtime%2fvm 51ms (cache miss)
76 silly fetch manifest @opentelemetry/api@^1.9.0
77 http fetch GET 200 https://registry.npmjs.org/@opentelemetry%2fapi 30ms (cache miss)
78 silly fetch manifest @vitest/browser-playwright@4.1.11
79 http fetch GET 200 https://registry.npmjs.org/@vitest%2fbrowser-playwright 32ms (cache miss)
80 silly fetch manifest playwright@*
81 http fetch GET 200 https://registry.npmjs.org/playwright 297ms (cache miss)
82 silly fetch manifest @vitest/browser-preview@4.1.11
83 http fetch GET 200 https://registry.npmjs.org/@vitest%2fbrowser-preview 35ms (cache miss)
84 silly fetch manifest @vitest/browser-webdriverio@4.1.11
85 http fetch GET 200 https://registry.npmjs.org/@vitest%2fbrowser-webdriverio 26ms (cache miss)
86 silly fetch manifest webdriverio@*
87 http fetch GET 200 https://registry.npmjs.org/webdriverio 65ms (cache miss)
88 silly fetch manifest puppeteer-core@>=22.x <=24.x
89 http fetch GET 200 https://registry.npmjs.org/puppeteer-core 36ms (cache miss)
90 silly fetch manifest @vitest/coverage-istanbul@4.1.11
91 http fetch GET 200 https://registry.npmjs.org/@vitest%2fcoverage-istanbul 67ms (cache miss)
92 silly fetch manifest @vitest/coverage-v8@4.1.11
93 http fetch GET 200 https://registry.npmjs.org/@vitest%2fcoverage-v8 61ms (cache miss)
94 silly fetch manifest @vitest/browser@4.1.11
95 http fetch GET 200 https://registry.npmjs.org/@vitest%2fbrowser 37ms (cache miss)
96 silly fetch manifest @vitest/ui@4.1.11
97 http fetch GET 200 https://registry.npmjs.org/@vitest%2fui 50ms (cache miss)
98 silly fetch manifest happy-dom@*
99 http fetch GET 200 https://registry.npmjs.org/happy-dom 55ms (cache miss)
100 silly fetch manifest jsdom@*
101 http fetch GET 200 https://registry.npmjs.org/jsdom 30ms (cache miss)
102 silly fetch manifest canvas@^3.2.3
103 http fetch GET 200 https://registry.npmjs.org/canvas 17ms (cache miss)
104 silly fetch manifest esbuild@^0.27.0 || ^0.28.0
105 http fetch GET 200 https://registry.npmjs.org/esbuild 55ms (cache miss)
106 silly fetch manifest jiti@>=1.21.0
107 http fetch GET 200 https://registry.npmjs.org/jiti 23ms (cache miss)
108 silly fetch manifest less@^4.0.0
109 http fetch GET 200 https://registry.npmjs.org/less 59ms (cache miss)
110 silly fetch manifest sass@^1.70.0
111 http fetch GET 200 https://registry.npmjs.org/sass 40ms (cache miss)
112 silly fetch manifest sass-embedded@^1.70.0
113 http fetch GET 200 https://registry.npmjs.org/sass-embedded 48ms (cache miss)
114 silly fetch manifest stylus@>=0.54.8
115 http fetch GET 200 https://registry.npmjs.org/stylus 21ms (cache miss)
116 silly fetch manifest sugarss@^5.0.0
117 http fetch GET 200 https://registry.npmjs.org/sugarss 20ms (cache miss)
118 silly fetch manifest postcss@^8.3.3
119 http fetch GET 200 https://registry.npmjs.org/postcss 33ms (cache miss)
120 silly fetch manifest terser@^5.16.0
121 http fetch GET 200 https://registry.npmjs.org/terser 29ms (cache miss)
122 silly fetch manifest tsx@^4.8.1
123 http fetch GET 200 https://registry.npmjs.org/tsx 24ms (cache miss)
124 silly fetch manifest yaml@^2.4.2
125 http fetch GET 200 https://registry.npmjs.org/yaml 22ms (cache miss)
126 silly fetch manifest babel-plugin-react-compiler@^1.0.0
127 http fetch GET 200 https://registry.npmjs.org/babel-plugin-react-compiler 25ms (cache miss)
128 silly fetch manifest oxc-transform-react@^0.145.0
129 http fetch GET 200 https://registry.npmjs.org/oxc-transform-react 23ms (cache miss)
130 silly fetch manifest oxlint@^1.75.0
131 http fetch GET 200 https://registry.npmjs.org/oxlint 25ms (cache miss)
132 silly fetch manifest oxlint-tsgolint@>=7.0.2001
133 http fetch GET 200 https://registry.npmjs.org/oxlint-tsgolint 23ms (cache miss)
134 silly fetch manifest vite-plus@*
135 http fetch GET 200 https://registry.npmjs.org/vite-plus 28ms (cache miss)
136 silly fetch manifest @vitest/browser-playwright@4.1.10
137 silly fetch manifest vitest@4.1.10
138 silly fetch manifest @types/node@^20.0.0 || ^22.0.0 || >=24.0.0
139 silly fetch manifest @vitest/browser-preview@4.1.10
140 silly fetch manifest @vitest/browser-webdriverio@4.1.10
141 silly fetch manifest @vitest/coverage-istanbul@4.1.10
142 silly fetch manifest @vitest/coverage-v8@4.1.10
143 silly fetch manifest @vitest/browser@4.1.10
144 silly fetch manifest @vitest/ui@4.1.10
145 silly placeDep ROOT @types/react@19.2.18 OK for: frontend@0.0.0 want: ^19.2.17
146 silly placeDep ROOT @types/react-dom@19.2.4 OK for: frontend@0.0.0 want: ^19.2.3
147 silly placeDep ROOT @vitejs/plugin-react@6.1.0 OK for: frontend@0.0.0 want: ^6.0.4
148 silly placeDep ROOT vite@8.2.2 OK for: @vitejs/plugin-react@6.1.0 want: ^8.0.0
149 silly placeDep ROOT oxlint@1.79.0 OK for: frontend@0.0.0 want: ^1.75.0
150 silly placeDep ROOT react@19.2.8 OK for: frontend@0.0.0 want: ^19.2.8
151 silly placeDep ROOT react-dom@19.2.8 OK for: frontend@0.0.0 want: ^19.2.8
152 silly fetch manifest csstype@^3.2.2
153 silly fetch manifest @rolldown/pluginutils@^1.0.1
154 silly fetch manifest postcss@^8.5.26
155 silly fetch manifest rolldown@~1.2.4
156 silly fetch manifest picomatch@^4.0.5
157 silly fetch manifest tinyglobby@^0.2.17
158 silly fetch manifest lightningcss@^1.33.0
159 silly fetch manifest fsevents@~2.3.3
160 silly fetch manifest @oxlint/binding-darwin-x64@1.79.0
161 silly fetch manifest @oxlint/binding-freebsd-x64@1.79.0
162 silly fetch manifest @oxlint/binding-darwin-arm64@1.79.0
163 silly fetch manifest @oxlint/binding-android-arm64@1.79.0
164 silly fetch manifest @oxlint/binding-linux-x64-gnu@1.79.0
165 silly fetch manifest @oxlint/binding-linux-x64-musl@1.79.0
166 silly fetch manifest @oxlint/binding-win32-x64-msvc@1.79.0
167 silly fetch manifest @oxlint/binding-linux-arm64-gnu@1.79.0
168 silly fetch manifest @oxlint/binding-linux-ppc64-gnu@1.79.0
169 silly fetch manifest @oxlint/binding-linux-s390x-gnu@1.79.0
170 silly fetch manifest @oxlint/binding-win32-ia32-msvc@1.79.0
171 silly fetch manifest @oxlint/binding-android-arm-eabi@1.79.0
172 silly fetch manifest @oxlint/binding-linux-arm64-musl@1.79.0
173 silly fetch manifest @oxlint/binding-win32-arm64-msvc@1.79.0
174 silly fetch manifest @oxlint/binding-linux-riscv64-gnu@1.79.0
175 silly fetch manifest @oxlint/binding-openharmony-arm64@1.79.0
176 silly fetch manifest @oxlint/binding-linux-riscv64-musl@1.79.0
177 silly fetch manifest @oxlint/binding-linux-arm-gnueabihf@1.79.0
178 silly fetch manifest @oxlint/binding-linux-arm-musleabihf@1.79.0
179 silly fetch manifest scheduler@^0.27.0
180 http fetch GET 200 https://registry.npmjs.org/csstype 57ms (cache miss)
181 http fetch GET 200 https://registry.npmjs.org/tinyglobby 134ms (cache miss)
182 http fetch GET 200 https://registry.npmjs.org/@oxlint%2fbinding-linux-s390x-gnu 145ms (cache miss)
183 http fetch GET 200 https://registry.npmjs.org/lightningcss 155ms (cache miss)
184 http fetch GET 200 https://registry.npmjs.org/@oxlint%2fbinding-android-arm64 157ms (cache miss)
185 http fetch GET 200 https://registry.npmjs.org/@oxlint%2fbinding-win32-ia32-msvc 165ms (cache miss)
186 http fetch GET 200 https://registry.npmjs.org/@oxlint%2fbinding-win32-arm64-msvc 164ms (cache miss)
187 http fetch GET 200 https://registry.npmjs.org/@oxlint%2fbinding-darwin-x64 177ms (cache miss)
188 http fetch GET 200 https://registry.npmjs.org/@oxlint%2fbinding-darwin-arm64 180ms (cache miss)
189 http fetch GET 200 https://registry.npmjs.org/@oxlint%2fbinding-openharmony-arm64 178ms (cache miss)
190 http fetch GET 200 https://registry.npmjs.org/@oxlint%2fbinding-linux-ppc64-gnu 180ms (cache miss)
191 http fetch GET 200 https://registry.npmjs.org/@oxlint%2fbinding-linux-x64-musl 182ms (cache miss)
192 http fetch GET 200 https://registry.npmjs.org/@oxlint%2fbinding-freebsd-x64 184ms (cache miss)
193 http fetch GET 200 https://registry.npmjs.org/@oxlint%2fbinding-linux-riscv64-gnu 181ms (cache miss)
194 http fetch GET 200 https://registry.npmjs.org/@oxlint%2fbinding-linux-arm-gnueabihf 181ms (cache miss)
195 http fetch GET 200 https://registry.npmjs.org/@oxlint%2fbinding-linux-x64-gnu 187ms (cache miss)
196 http fetch GET 200 https://registry.npmjs.org/@oxlint%2fbinding-linux-arm64-gnu 185ms (cache miss)
197 http fetch GET 200 https://registry.npmjs.org/@oxlint%2fbinding-win32-x64-msvc 187ms (cache miss)
198 http fetch GET 200 https://registry.npmjs.org/@oxlint%2fbinding-android-arm-eabi 186ms (cache miss)
199 http fetch GET 200 https://registry.npmjs.org/@oxlint%2fbinding-linux-arm64-musl 186ms (cache miss)
200 http fetch GET 200 https://registry.npmjs.org/@oxlint%2fbinding-linux-arm-musleabihf 187ms (cache miss)
201 http fetch GET 200 https://registry.npmjs.org/@oxlint%2fbinding-linux-riscv64-musl 187ms (cache miss)
202 http fetch GET 200 https://registry.npmjs.org/picomatch 197ms (cache miss)
203 http fetch GET 200 https://registry.npmjs.org/@rolldown%2fpluginutils 200ms (cache miss)
204 http fetch GET 200 https://registry.npmjs.org/fsevents 204ms (cache miss)
205 http fetch GET 200 https://registry.npmjs.org/scheduler 350ms (cache miss)
206 timing idealTree:#root Completed in 3550ms
207 silly placeDep ROOT csstype@3.2.3 OK for: @types/react@19.2.18 want: ^3.2.2
208 timing idealTree:node_modules/@types/react Completed in 2ms
209 timing idealTree:node_modules/@types/react-dom Completed in 0ms
210 silly placeDep ROOT @rolldown/pluginutils@1.0.1 OK for: @vitejs/plugin-react@6.1.0 want: ^1.0.1
211 timing idealTree:node_modules/@vitejs/plugin-react Completed in 7ms
212 timing idealTree:node_modules/@rolldown/pluginutils Completed in 0ms
213 timing idealTree:node_modules/csstype Completed in 0ms
214 silly placeDep ROOT @oxlint/binding-android-arm-eabi@1.79.0 OK for: oxlint@1.79.0 want: 1.79.0
215 silly placeDep ROOT @oxlint/binding-android-arm64@1.79.0 OK for: oxlint@1.79.0 want: 1.79.0
216 silly placeDep ROOT @oxlint/binding-darwin-arm64@1.79.0 OK for: oxlint@1.79.0 want: 1.79.0
217 silly placeDep ROOT @oxlint/binding-darwin-x64@1.79.0 OK for: oxlint@1.79.0 want: 1.79.0
218 silly placeDep ROOT @oxlint/binding-freebsd-x64@1.79.0 OK for: oxlint@1.79.0 want: 1.79.0
219 silly placeDep ROOT @oxlint/binding-linux-arm-gnueabihf@1.79.0 OK for: oxlint@1.79.0 want: 1.79.0
220 silly placeDep ROOT @oxlint/binding-linux-arm-musleabihf@1.79.0 OK for: oxlint@1.79.0 want: 1.79.0
221 silly placeDep ROOT @oxlint/binding-linux-arm64-gnu@1.79.0 OK for: oxlint@1.79.0 want: 1.79.0
222 silly placeDep ROOT @oxlint/binding-linux-arm64-musl@1.79.0 OK for: oxlint@1.79.0 want: 1.79.0
223 silly placeDep ROOT @oxlint/binding-linux-ppc64-gnu@1.79.0 OK for: oxlint@1.79.0 want: 1.79.0
224 silly placeDep ROOT @oxlint/binding-linux-riscv64-gnu@1.79.0 OK for: oxlint@1.79.0 want: 1.79.0
225 silly placeDep ROOT @oxlint/binding-linux-riscv64-musl@1.79.0 OK for: oxlint@1.79.0 want: 1.79.0
226 silly placeDep ROOT @oxlint/binding-linux-s390x-gnu@1.79.0 OK for: oxlint@1.79.0 want: 1.79.0
227 silly placeDep ROOT @oxlint/binding-linux-x64-gnu@1.79.0 OK for: oxlint@1.79.0 want: 1.79.0
228 silly placeDep ROOT @oxlint/binding-linux-x64-musl@1.79.0 OK for: oxlint@1.79.0 want: 1.79.0
229 silly placeDep ROOT @oxlint/binding-openharmony-arm64@1.79.0 OK for: oxlint@1.79.0 want: 1.79.0
230 silly placeDep ROOT @oxlint/binding-win32-arm64-msvc@1.79.0 OK for: oxlint@1.79.0 want: 1.79.0
231 silly placeDep ROOT @oxlint/binding-win32-ia32-msvc@1.79.0 OK for: oxlint@1.79.0 want: 1.79.0
232 silly placeDep ROOT @oxlint/binding-win32-x64-msvc@1.79.0 OK for: oxlint@1.79.0 want: 1.79.0
233 timing idealTree:node_modules/oxlint Completed in 36ms
234 timing idealTree:node_modules/@oxlint/binding-android-arm-eabi Completed in 0ms
235 timing idealTree:node_modules/@oxlint/binding-android-arm64 Completed in 0ms
236 timing idealTree:node_modules/@oxlint/binding-darwin-arm64 Completed in 0ms
237 timing idealTree:node_modules/@oxlint/binding-darwin-x64 Completed in 0ms
238 timing idealTree:node_modules/@oxlint/binding-freebsd-x64 Completed in 0ms
239 timing idealTree:node_modules/@oxlint/binding-linux-arm-gnueabihf Completed in 0ms
240 timing idealTree:node_modules/@oxlint/binding-linux-arm-musleabihf Completed in 1ms
241 timing idealTree:node_modules/@oxlint/binding-linux-arm64-gnu Completed in 0ms
242 timing idealTree:node_modules/@oxlint/binding-linux-arm64-musl Completed in 0ms
243 timing idealTree:node_modules/@oxlint/binding-linux-ppc64-gnu Completed in 0ms
244 timing idealTree:node_modules/@oxlint/binding-linux-riscv64-gnu Completed in 0ms
245 timing idealTree:node_modules/@oxlint/binding-linux-riscv64-musl Completed in 0ms
246 timing idealTree:node_modules/@oxlint/binding-linux-s390x-gnu Completed in 0ms
247 timing idealTree:node_modules/@oxlint/binding-linux-x64-gnu Completed in 0ms
248 timing idealTree:node_modules/@oxlint/binding-linux-x64-musl Completed in 0ms
249 timing idealTree:node_modules/@oxlint/binding-openharmony-arm64 Completed in 0ms
250 timing idealTree:node_modules/@oxlint/binding-win32-arm64-msvc Completed in 0ms
251 timing idealTree:node_modules/@oxlint/binding-win32-ia32-msvc Completed in 0ms
252 timing idealTree:node_modules/@oxlint/binding-win32-x64-msvc Completed in 0ms
253 timing idealTree:node_modules/react Completed in 0ms
254 silly placeDep ROOT scheduler@0.27.0 OK for: react-dom@19.2.8 want: ^0.27.0
255 timing idealTree:node_modules/react-dom Completed in 1ms
256 timing idealTree:node_modules/scheduler Completed in 0ms
257 silly placeDep ROOT fsevents@2.3.3 OK for: vite@8.2.2 want: ~2.3.3
258 silly placeDep ROOT lightningcss@1.33.0 OK for: vite@8.2.2 want: ^1.33.0
259 silly placeDep ROOT picomatch@4.0.5 OK for: vite@8.2.2 want: ^4.0.5
260 silly placeDep ROOT postcss@8.5.26 OK for: vite@8.2.2 want: ^8.5.26
261 silly placeDep ROOT rolldown@1.2.5 OK for: vite@8.2.2 want: ~1.2.4
262 silly placeDep ROOT tinyglobby@0.2.17 OK for: vite@8.2.2 want: ^0.2.17
263 silly fetch manifest detect-libc@^2.0.3
264 silly fetch manifest lightningcss-darwin-x64@1.33.0
265 silly fetch manifest lightningcss-linux-x64-gnu@1.33.0
266 silly fetch manifest lightningcss-win32-x64-msvc@1.33.0
267 silly fetch manifest lightningcss-win32-arm64-msvc@1.33.0
268 silly fetch manifest lightningcss-darwin-arm64@1.33.0
269 silly fetch manifest lightningcss-linux-arm64-gnu@1.33.0
270 silly fetch manifest lightningcss-linux-arm-gnueabihf@1.33.0
271 silly fetch manifest lightningcss-linux-arm64-musl@1.33.0
272 silly fetch manifest lightningcss-linux-x64-musl@1.33.0
273 silly fetch manifest lightningcss-freebsd-x64@1.33.0
274 silly fetch manifest lightningcss-android-arm64@1.33.0
275 silly fetch manifest nanoid@^3.3.17
276 silly fetch manifest picocolors@^1.1.1
277 silly fetch manifest source-map-js@^1.2.1
278 silly fetch manifest @oxc-project/types@=0.146.0
279 silly fetch manifest @rolldown/binding-darwin-x64@1.2.5
280 silly fetch manifest @rolldown/binding-freebsd-x64@1.2.5
281 silly fetch manifest @rolldown/binding-darwin-arm64@1.2.5
282 silly fetch manifest @rolldown/binding-android-arm64@1.2.5
283 silly fetch manifest @rolldown/binding-linux-x64-gnu@1.2.5
284 silly fetch manifest @rolldown/binding-linux-x64-musl@1.2.5
285 silly fetch manifest @rolldown/binding-win32-x64-msvc@1.2.5
286 silly fetch manifest @rolldown/binding-linux-arm64-gnu@1.2.5
287 silly fetch manifest @rolldown/binding-linux-ppc64-gnu@1.2.5
288 silly fetch manifest @rolldown/binding-linux-s390x-gnu@1.2.5
289 silly fetch manifest @rolldown/binding-android-arm-eabi@1.2.5
290 silly fetch manifest @rolldown/binding-linux-arm64-musl@1.2.5
291 silly fetch manifest @rolldown/binding-win32-arm64-msvc@1.2.5
292 silly fetch manifest @rolldown/binding-openharmony-arm64@1.2.5
293 silly fetch manifest @rolldown/binding-linux-arm-gnueabihf@1.2.5
294 silly fetch manifest fdir@^6.5.0
295 http fetch GET 200 https://registry.npmjs.org/detect-libc 168ms (cache miss)
296 http fetch GET 200 https://registry.npmjs.org/lightningcss-win32-arm64-msvc 172ms (cache miss)
297 http fetch GET 200 https://registry.npmjs.org/lightningcss-android-arm64 173ms (cache miss)
298 http fetch GET 200 https://registry.npmjs.org/lightningcss-freebsd-x64 179ms (cache miss)
299 http fetch GET 200 https://registry.npmjs.org/source-map-js 179ms (cache miss)
300 http fetch GET 200 https://registry.npmjs.org/lightningcss-linux-arm64-gnu 182ms (cache miss)
301 http fetch GET 200 https://registry.npmjs.org/picocolors 183ms (cache miss)
302 http fetch GET 200 https://registry.npmjs.org/@rolldown%2fbinding-android-arm-eabi 184ms (cache miss)
303 http fetch GET 200 https://registry.npmjs.org/@rolldown%2fbinding-linux-s390x-gnu 188ms (cache miss)
304 http fetch GET 200 https://registry.npmjs.org/lightningcss-win32-x64-msvc 197ms (cache miss)
305 http fetch GET 200 https://registry.npmjs.org/lightningcss-linux-arm-gnueabihf 197ms (cache miss)
306 http fetch GET 200 https://registry.npmjs.org/@rolldown%2fbinding-linux-ppc64-gnu 198ms (cache miss)
307 http fetch GET 200 https://registry.npmjs.org/lightningcss-darwin-arm64 203ms (cache miss)
308 http fetch GET 200 https://registry.npmjs.org/lightningcss-linux-arm64-musl 204ms (cache miss)
309 http fetch GET 200 https://registry.npmjs.org/@rolldown%2fbinding-openharmony-arm64 201ms (cache miss)
310 http fetch GET 200 https://registry.npmjs.org/lightningcss-linux-x64-gnu 209ms (cache miss)
311 http fetch GET 200 https://registry.npmjs.org/lightningcss-linux-x64-musl 207ms (cache miss)
312 http fetch GET 200 https://registry.npmjs.org/lightningcss-darwin-x64 210ms (cache miss)
313 http fetch GET 200 https://registry.npmjs.org/@rolldown%2fbinding-android-arm64 206ms (cache miss)
314 http fetch GET 200 https://registry.npmjs.org/fdir 202ms (cache miss)
315 http fetch GET 200 https://registry.npmjs.org/@oxc-project%2ftypes 216ms (cache miss)
316 http fetch GET 200 https://registry.npmjs.org/@rolldown%2fbinding-darwin-x64 291ms (cache miss)
317 http fetch GET 200 https://registry.npmjs.org/nanoid 330ms (cache miss)
318 http fetch GET 200 https://registry.npmjs.org/@rolldown%2fbinding-linux-arm64-musl 347ms (cache miss)
319 http fetch GET 200 https://registry.npmjs.org/@rolldown%2fbinding-freebsd-x64 361ms (cache miss)
320 http fetch GET 200 https://registry.npmjs.org/@rolldown%2fbinding-linux-x64-gnu 367ms (cache miss)
321 http fetch GET 200 https://registry.npmjs.org/@rolldown%2fbinding-linux-arm-gnueabihf 370ms (cache miss)
322 http fetch GET 200 https://registry.npmjs.org/@rolldown%2fbinding-win32-x64-msvc 377ms (cache miss)
323 http fetch GET 200 https://registry.npmjs.org/@rolldown%2fbinding-linux-arm64-gnu 387ms (cache miss)
324 http fetch GET 200 https://registry.npmjs.org/@rolldown%2fbinding-darwin-arm64 391ms (cache miss)
325 http fetch GET 200 https://registry.npmjs.org/@rolldown%2fbinding-linux-x64-musl 395ms (cache miss)
326 http fetch GET 200 https://registry.npmjs.org/@rolldown%2fbinding-win32-arm64-msvc 401ms (cache miss)
327 timing idealTree:node_modules/vite Completed in 425ms
328 timing idealTree:node_modules/fsevents Completed in 0ms
329 silly placeDep ROOT detect-libc@2.1.2 OK for: lightningcss@1.33.0 want: ^2.0.3
330 silly placeDep ROOT lightningcss-android-arm64@1.33.0 OK for: lightningcss@1.33.0 want: 1.33.0
331 silly placeDep ROOT lightningcss-darwin-arm64@1.33.0 OK for: lightningcss@1.33.0 want: 1.33.0
332 silly placeDep ROOT lightningcss-darwin-x64@1.33.0 OK for: lightningcss@1.33.0 want: 1.33.0
333 silly placeDep ROOT lightningcss-freebsd-x64@1.33.0 OK for: lightningcss@1.33.0 want: 1.33.0
334 silly placeDep ROOT lightningcss-linux-arm-gnueabihf@1.33.0 OK for: lightningcss@1.33.0 want: 1.33.0
335 silly placeDep ROOT lightningcss-linux-arm64-gnu@1.33.0 OK for: lightningcss@1.33.0 want: 1.33.0
336 silly placeDep ROOT lightningcss-linux-arm64-musl@1.33.0 OK for: lightningcss@1.33.0 want: 1.33.0
337 silly placeDep ROOT lightningcss-linux-x64-gnu@1.33.0 OK for: lightningcss@1.33.0 want: 1.33.0
338 silly placeDep ROOT lightningcss-linux-x64-musl@1.33.0 OK for: lightningcss@1.33.0 want: 1.33.0
339 silly placeDep ROOT lightningcss-win32-arm64-msvc@1.33.0 OK for: lightningcss@1.33.0 want: 1.33.0
340 silly placeDep ROOT lightningcss-win32-x64-msvc@1.33.0 OK for: lightningcss@1.33.0 want: 1.33.0
341 timing idealTree:node_modules/lightningcss Completed in 25ms
342 timing idealTree:node_modules/detect-libc Completed in 0ms
343 timing idealTree:node_modules/lightningcss-android-arm64 Completed in 0ms
344 timing idealTree:node_modules/lightningcss-darwin-arm64 Completed in 0ms
345 timing idealTree:node_modules/lightningcss-darwin-x64 Completed in 0ms
346 timing idealTree:node_modules/lightningcss-freebsd-x64 Completed in 0ms
347 timing idealTree:node_modules/lightningcss-linux-arm-gnueabihf Completed in 0ms
348 timing idealTree:node_modules/lightningcss-linux-arm64-gnu Completed in 0ms
349 timing idealTree:node_modules/lightningcss-linux-arm64-musl Completed in 0ms
350 timing idealTree:node_modules/lightningcss-linux-x64-gnu Completed in 1ms
351 timing idealTree:node_modules/lightningcss-linux-x64-musl Completed in 0ms
352 timing idealTree:node_modules/lightningcss-win32-arm64-msvc Completed in 0ms
353 timing idealTree:node_modules/lightningcss-win32-x64-msvc Completed in 0ms
354 timing idealTree:node_modules/picomatch Completed in 0ms
355 silly placeDep ROOT nanoid@3.3.18 OK for: postcss@8.5.26 want: ^3.3.17
356 silly placeDep ROOT picocolors@1.1.1 OK for: postcss@8.5.26 want: ^1.1.1
357 silly placeDep ROOT source-map-js@1.2.1 OK for: postcss@8.5.26 want: ^1.2.1
358 timing idealTree:node_modules/postcss Completed in 3ms
359 timing idealTree:node_modules/nanoid Completed in 0ms
360 timing idealTree:node_modules/picocolors Completed in 0ms
361 silly placeDep ROOT @oxc-project/types@0.146.0 OK for: rolldown@1.2.5 want: =0.146.0
362 silly placeDep ROOT @rolldown/binding-android-arm-eabi@1.2.5 OK for: rolldown@1.2.5 want: 1.2.5
363 silly placeDep ROOT @rolldown/binding-android-arm64@1.2.5 OK for: rolldown@1.2.5 want: 1.2.5
364 silly placeDep ROOT @rolldown/binding-darwin-arm64@1.2.5 OK for: rolldown@1.2.5 want: 1.2.5
365 silly placeDep ROOT @rolldown/binding-darwin-x64@1.2.5 OK for: rolldown@1.2.5 want: 1.2.5
366 silly placeDep ROOT @rolldown/binding-freebsd-x64@1.2.5 OK for: rolldown@1.2.5 want: 1.2.5
367 silly placeDep ROOT @rolldown/binding-linux-arm-gnueabihf@1.2.5 OK for: rolldown@1.2.5 want: 1.2.5
368 silly placeDep ROOT @rolldown/binding-linux-arm64-gnu@1.2.5 OK for: rolldown@1.2.5 want: 1.2.5
369 silly placeDep ROOT @rolldown/binding-linux-arm64-musl@1.2.5 OK for: rolldown@1.2.5 want: 1.2.5
370 silly placeDep ROOT @rolldown/binding-linux-ppc64-gnu@1.2.5 OK for: rolldown@1.2.5 want: 1.2.5
371 silly placeDep ROOT @rolldown/binding-linux-s390x-gnu@1.2.5 OK for: rolldown@1.2.5 want: 1.2.5
372 silly placeDep ROOT @rolldown/binding-linux-x64-gnu@1.2.5 OK for: rolldown@1.2.5 want: 1.2.5
373 silly placeDep ROOT @rolldown/binding-linux-x64-musl@1.2.5 OK for: rolldown@1.2.5 want: 1.2.5
374 silly placeDep ROOT @rolldown/binding-openharmony-arm64@1.2.5 OK for: rolldown@1.2.5 want: 1.2.5
375 silly placeDep ROOT @rolldown/binding-win32-arm64-msvc@1.2.5 OK for: rolldown@1.2.5 want: 1.2.5
376 silly placeDep ROOT @rolldown/binding-win32-x64-msvc@1.2.5 OK for: rolldown@1.2.5 want: 1.2.5
377 timing idealTree:node_modules/rolldown Completed in 27ms
378 timing idealTree:node_modules/@oxc-project/types Completed in 0ms
379 timing idealTree:node_modules/@rolldown/binding-android-arm-eabi Completed in 0ms
380 timing idealTree:node_modules/@rolldown/binding-android-arm64 Completed in 0ms
381 timing idealTree:node_modules/@rolldown/binding-darwin-arm64 Completed in 0ms
382 timing idealTree:node_modules/@rolldown/binding-darwin-x64 Completed in 0ms
383 timing idealTree:node_modules/@rolldown/binding-freebsd-x64 Completed in 0ms
384 timing idealTree:node_modules/@rolldown/binding-linux-arm-gnueabihf Completed in 0ms
385 timing idealTree:node_modules/@rolldown/binding-linux-arm64-gnu Completed in 0ms
386 timing idealTree:node_modules/@rolldown/binding-linux-arm64-musl Completed in 0ms
387 timing idealTree:node_modules/@rolldown/binding-linux-ppc64-gnu Completed in 0ms
388 timing idealTree:node_modules/@rolldown/binding-linux-s390x-gnu Completed in 0ms
389 timing idealTree:node_modules/@rolldown/binding-linux-x64-gnu Completed in 0ms
390 timing idealTree:node_modules/@rolldown/binding-linux-x64-musl Completed in 0ms
391 timing idealTree:node_modules/@rolldown/binding-openharmony-arm64 Completed in 0ms
392 timing idealTree:node_modules/@rolldown/binding-win32-arm64-msvc Completed in 0ms
393 timing idealTree:node_modules/@rolldown/binding-win32-x64-msvc Completed in 0ms
394 timing idealTree:node_modules/source-map-js Completed in 0ms
395 silly fetch manifest picomatch@^4.0.4
396 silly placeDep ROOT fdir@6.5.0 OK for: tinyglobby@0.2.17 want: ^6.5.0
397 timing idealTree:node_modules/tinyglobby Completed in 10ms
398 timing idealTree:node_modules/fdir Completed in 0ms
399 timing idealTree:buildDeps Completed in 4098ms
400 timing idealTree:fixDepFlags Completed in 2ms
401 timing idealTree Completed in 4119ms
402 timing reify:loadTrees Completed in 4120ms
403 timing reify:diffTrees Completed in 2ms
404 silly reify moves {}
405 timing reify:retireShallow Completed in 1ms
406 timing reify:createSparse Completed in 11ms
407 timing reify:loadBundles Completed in 0ms
408 silly audit bulk request {
408 silly audit   '@types/react': [ '19.2.18' ],
408 silly audit   '@types/react-dom': [ '19.2.4' ],
408 silly audit   '@vitejs/plugin-react': [ '6.1.0' ],
408 silly audit   vite: [ '8.2.2' ],
408 silly audit   oxlint: [ '1.79.0' ],
408 silly audit   react: [ '19.2.8' ],
408 silly audit   'react-dom': [ '19.2.8' ],
408 silly audit   csstype: [ '3.2.3' ],
408 silly audit   '@rolldown/pluginutils': [ '1.0.1' ],
408 silly audit   '@oxlint/binding-android-arm-eabi': [ '1.79.0' ],
408 silly audit   '@oxlint/binding-android-arm64': [ '1.79.0' ],
408 silly audit   '@oxlint/binding-darwin-arm64': [ '1.79.0' ],
408 silly audit   '@oxlint/binding-darwin-x64': [ '1.79.0' ],
408 silly audit   '@oxlint/binding-freebsd-x64': [ '1.79.0' ],
408 silly audit   '@oxlint/binding-linux-arm-gnueabihf': [ '1.79.0' ],
408 silly audit   '@oxlint/binding-linux-arm-musleabihf': [ '1.79.0' ],
408 silly audit   '@oxlint/binding-linux-arm64-gnu': [ '1.79.0' ],
408 silly audit   '@oxlint/binding-linux-arm64-musl': [ '1.79.0' ],
408 silly audit   '@oxlint/binding-linux-ppc64-gnu': [ '1.79.0' ],
408 silly audit   '@oxlint/binding-linux-riscv64-gnu': [ '1.79.0' ],
408 silly audit   '@oxlint/binding-linux-riscv64-musl': [ '1.79.0' ],
408 silly audit   '@oxlint/binding-linux-s390x-gnu': [ '1.79.0' ],
408 silly audit   '@oxlint/binding-linux-x64-gnu': [ '1.79.0' ],
408 silly audit   '@oxlint/binding-linux-x64-musl': [ '1.79.0' ],
408 silly audit   '@oxlint/binding-openharmony-arm64': [ '1.79.0' ],
408 silly audit   '@oxlint/binding-win32-arm64-msvc': [ '1.79.0' ],
408 silly audit   '@oxlint/binding-win32-ia32-msvc': [ '1.79.0' ],
408 silly audit   '@oxlint/binding-win32-x64-msvc': [ '1.79.0' ],
408 silly audit   scheduler: [ '0.27.0' ],
408 silly audit   fsevents: [ '2.3.3' ],
408 silly audit   lightningcss: [ '1.33.0' ],
408 silly audit   picomatch: [ '4.0.5' ],
408 silly audit   postcss: [ '8.5.26' ],
408 silly audit   rolldown: [ '1.2.5' ],
408 silly audit   tinyglobby: [ '0.2.17' ],
408 silly audit   'detect-libc': [ '2.1.2' ],
408 silly audit   'lightningcss-android-arm64': [ '1.33.0' ],
408 silly audit   'lightningcss-darwin-arm64': [ '1.33.0' ],
408 silly audit   'lightningcss-darwin-x64': [ '1.33.0' ],
408 silly audit   'lightningcss-freebsd-x64': [ '1.33.0' ],
408 silly audit   'lightningcss-linux-arm-gnueabihf': [ '1.33.0' ],
408 silly audit   'lightningcss-linux-arm64-gnu': [ '1.33.0' ],
408 silly audit   'lightningcss-linux-arm64-musl': [ '1.33.0' ],
408 silly audit   'lightningcss-linux-x64-gnu': [ '1.33.0' ],
408 silly audit   'lightningcss-linux-x64-musl': [ '1.33.0' ],
408 silly audit   'lightningcss-win32-arm64-msvc': [ '1.33.0' ],
408 silly audit   'lightningcss-win32-x64-msvc': [ '1.33.0' ],
408 silly audit   nanoid: [ '3.3.18' ],
408 silly audit   picocolors: [ '1.1.1' ],
408 silly audit   'source-map-js': [ '1.2.1' ],
408 silly audit   '@oxc-project/types': [ '0.146.0' ],
408 silly audit   '@rolldown/binding-android-arm-eabi': [ '1.2.5' ],
408 silly audit   '@rolldown/binding-android-arm64': [ '1.2.5' ],
408 silly audit   '@rolldown/binding-darwin-arm64': [ '1.2.5' ],
408 silly audit   '@rolldown/binding-darwin-x64': [ '1.2.5' ],
408 silly audit   '@rolldown/binding-freebsd-x64': [ '1.2.5' ],
408 silly audit   '@rolldown/binding-linux-arm-gnueabihf': [ '1.2.5' ],
408 silly audit   '@rolldown/binding-linux-arm64-gnu': [ '1.2.5' ],
408 silly audit   '@rolldown/binding-linux-arm64-musl': [ '1.2.5' ],
408 silly audit   '@rolldown/binding-linux-ppc64-gnu': [ '1.2.5' ],
408 silly audit   '@rolldown/binding-linux-s390x-gnu': [ '1.2.5' ],
408 silly audit   '@rolldown/binding-linux-x64-gnu': [ '1.2.5' ],
408 silly audit   '@rolldown/binding-linux-x64-musl': [ '1.2.5' ],
408 silly audit   '@rolldown/binding-openharmony-arm64': [ '1.2.5' ],
408 silly audit   '@rolldown/binding-win32-arm64-msvc': [ '1.2.5' ],
408 silly audit   '@rolldown/binding-win32-x64-msvc': [ '1.2.5' ],
408 silly audit   fdir: [ '6.5.0' ]
408 silly audit }
409 verbose reify failed optional dependency /root/mini-food-order/frontend/node_modules/@rolldown/binding-win32-x64-msvc
410 silly reify mark deleted [
410 silly reify   '/root/mini-food-order/frontend/node_modules/@rolldown/binding-win32-x64-msvc'
410 silly reify ]
411 verbose reify failed optional dependency /root/mini-food-order/frontend/node_modules/@rolldown/binding-win32-arm64-msvc
412 silly reify mark deleted [
412 silly reify   '/root/mini-food-order/frontend/node_modules/@rolldown/binding-win32-arm64-msvc'
412 silly reify ]
413 verbose reify failed optional dependency /root/mini-food-order/frontend/node_modules/@rolldown/binding-openharmony-arm64
414 silly reify mark deleted [
414 silly reify   '/root/mini-food-order/frontend/node_modules/@rolldown/binding-openharmony-arm64'
414 silly reify ]
415 verbose reify failed optional dependency /root/mini-food-order/frontend/node_modules/@rolldown/binding-linux-s390x-gnu
416 silly reify mark deleted [
416 silly reify   '/root/mini-food-order/frontend/node_modules/@rolldown/binding-linux-s390x-gnu'
416 silly reify ]
417 verbose reify failed optional dependency /root/mini-food-order/frontend/node_modules/@rolldown/binding-linux-ppc64-gnu
418 silly reify mark deleted [
418 silly reify   '/root/mini-food-order/frontend/node_modules/@rolldown/binding-linux-ppc64-gnu'
418 silly reify ]
419 verbose reify failed optional dependency /root/mini-food-order/frontend/node_modules/@rolldown/binding-linux-arm64-musl
420 silly reify mark deleted [
420 silly reify   '/root/mini-food-order/frontend/node_modules/@rolldown/binding-linux-arm64-musl'
420 silly reify ]
421 verbose reify failed optional dependency /root/mini-food-order/frontend/node_modules/@rolldown/binding-linux-arm64-gnu
422 silly reify mark deleted [
422 silly reify   '/root/mini-food-order/frontend/node_modules/@rolldown/binding-linux-arm64-gnu'
422 silly reify ]
423 verbose reify failed optional dependency /root/mini-food-order/frontend/node_modules/@rolldown/binding-linux-arm-gnueabihf
424 silly reify mark deleted [
424 silly reify   '/root/mini-food-order/frontend/node_modules/@rolldown/binding-linux-arm-gnueabihf'
424 silly reify ]
425 verbose reify failed optional dependency /root/mini-food-order/frontend/node_modules/@rolldown/binding-freebsd-x64
426 silly reify mark deleted [
426 silly reify   '/root/mini-food-order/frontend/node_modules/@rolldown/binding-freebsd-x64'
426 silly reify ]
427 verbose reify failed optional dependency /root/mini-food-order/frontend/node_modules/@rolldown/binding-darwin-x64
428 silly reify mark deleted [
428 silly reify   '/root/mini-food-order/frontend/node_modules/@rolldown/binding-darwin-x64'
428 silly reify ]
429 verbose reify failed optional dependency /root/mini-food-order/frontend/node_modules/@rolldown/binding-darwin-arm64
430 silly reify mark deleted [
430 silly reify   '/root/mini-food-order/frontend/node_modules/@rolldown/binding-darwin-arm64'
430 silly reify ]
431 verbose reify failed optional dependency /root/mini-food-order/frontend/node_modules/@rolldown/binding-android-arm64
432 silly reify mark deleted [
432 silly reify   '/root/mini-food-order/frontend/node_modules/@rolldown/binding-android-arm64'
432 silly reify ]
433 verbose reify failed optional dependency /root/mini-food-order/frontend/node_modules/@rolldown/binding-android-arm-eabi
434 silly reify mark deleted [
434 silly reify   '/root/mini-food-order/frontend/node_modules/@rolldown/binding-android-arm-eabi'
434 silly reify ]
435 verbose reify failed optional dependency /root/mini-food-order/frontend/node_modules/lightningcss-win32-x64-msvc
436 silly reify mark deleted [
436 silly reify   '/root/mini-food-order/frontend/node_modules/lightningcss-win32-x64-msvc'
436 silly reify ]
437 verbose reify failed optional dependency /root/mini-food-order/frontend/node_modules/lightningcss-win32-arm64-msvc
438 silly reify mark deleted [
438 silly reify   '/root/mini-food-order/frontend/node_modules/lightningcss-win32-arm64-msvc'
438 silly reify ]
439 verbose reify failed optional dependency /root/mini-food-order/frontend/node_modules/lightningcss-linux-arm64-musl
440 silly reify mark deleted [
440 silly reify   '/root/mini-food-order/frontend/node_modules/lightningcss-linux-arm64-musl'
440 silly reify ]
441 verbose reify failed optional dependency /root/mini-food-order/frontend/node_modules/lightningcss-linux-arm64-gnu
442 silly reify mark deleted [
442 silly reify   '/root/mini-food-order/frontend/node_modules/lightningcss-linux-arm64-gnu'
442 silly reify ]
443 verbose reify failed optional dependency /root/mini-food-order/frontend/node_modules/lightningcss-linux-arm-gnueabihf
444 silly reify mark deleted [
444 silly reify   '/root/mini-food-order/frontend/node_modules/lightningcss-linux-arm-gnueabihf'
444 silly reify ]
445 verbose reify failed optional dependency /root/mini-food-order/frontend/node_modules/lightningcss-freebsd-x64
446 silly reify mark deleted [
446 silly reify   '/root/mini-food-order/frontend/node_modules/lightningcss-freebsd-x64'
446 silly reify ]
447 verbose reify failed optional dependency /root/mini-food-order/frontend/node_modules/lightningcss-darwin-x64
448 silly reify mark deleted [
448 silly reify   '/root/mini-food-order/frontend/node_modules/lightningcss-darwin-x64'
448 silly reify ]
449 verbose reify failed optional dependency /root/mini-food-order/frontend/node_modules/lightningcss-darwin-arm64
450 silly reify mark deleted [
450 silly reify   '/root/mini-food-order/frontend/node_modules/lightningcss-darwin-arm64'
450 silly reify ]
451 verbose reify failed optional dependency /root/mini-food-order/frontend/node_modules/lightningcss-android-arm64
452 silly reify mark deleted [
452 silly reify   '/root/mini-food-order/frontend/node_modules/lightningcss-android-arm64'
452 silly reify ]
453 verbose reify failed optional dependency /root/mini-food-order/frontend/node_modules/fsevents
454 silly reify mark deleted [ '/root/mini-food-order/frontend/node_modules/fsevents' ]
455 verbose reify failed optional dependency /root/mini-food-order/frontend/node_modules/@oxlint/binding-win32-x64-msvc
456 silly reify mark deleted [
456 silly reify   '/root/mini-food-order/frontend/node_modules/@oxlint/binding-win32-x64-msvc'
456 silly reify ]
457 verbose reify failed optional dependency /root/mini-food-order/frontend/node_modules/@oxlint/binding-win32-ia32-msvc
458 silly reify mark deleted [
458 silly reify   '/root/mini-food-order/frontend/node_modules/@oxlint/binding-win32-ia32-msvc'
458 silly reify ]
459 verbose reify failed optional dependency /root/mini-food-order/frontend/node_modules/@oxlint/binding-win32-arm64-msvc
460 silly reify mark deleted [
460 silly reify   '/root/mini-food-order/frontend/node_modules/@oxlint/binding-win32-arm64-msvc'
460 silly reify ]
461 verbose reify failed optional dependency /root/mini-food-order/frontend/node_modules/@oxlint/binding-openharmony-arm64
462 silly reify mark deleted [
462 silly reify   '/root/mini-food-order/frontend/node_modules/@oxlint/binding-openharmony-arm64'
462 silly reify ]
463 verbose reify failed optional dependency /root/mini-food-order/frontend/node_modules/@oxlint/binding-linux-s390x-gnu
464 silly reify mark deleted [
464 silly reify   '/root/mini-food-order/frontend/node_modules/@oxlint/binding-linux-s390x-gnu'
464 silly reify ]
465 verbose reify failed optional dependency /root/mini-food-order/frontend/node_modules/@oxlint/binding-linux-riscv64-musl
466 silly reify mark deleted [
466 silly reify   '/root/mini-food-order/frontend/node_modules/@oxlint/binding-linux-riscv64-musl'
466 silly reify ]
467 verbose reify failed optional dependency /root/mini-food-order/frontend/node_modules/@oxlint/binding-linux-riscv64-gnu
468 silly reify mark deleted [
468 silly reify   '/root/mini-food-order/frontend/node_modules/@oxlint/binding-linux-riscv64-gnu'
468 silly reify ]
469 verbose reify failed optional dependency /root/mini-food-order/frontend/node_modules/@oxlint/binding-linux-ppc64-gnu
470 silly reify mark deleted [
470 silly reify   '/root/mini-food-order/frontend/node_modules/@oxlint/binding-linux-ppc64-gnu'
470 silly reify ]
471 verbose reify failed optional dependency /root/mini-food-order/frontend/node_modules/@oxlint/binding-linux-arm64-musl
472 silly reify mark deleted [
472 silly reify   '/root/mini-food-order/frontend/node_modules/@oxlint/binding-linux-arm64-musl'
472 silly reify ]
473 verbose reify failed optional dependency /root/mini-food-order/frontend/node_modules/@oxlint/binding-linux-arm64-gnu
474 silly reify mark deleted [
474 silly reify   '/root/mini-food-order/frontend/node_modules/@oxlint/binding-linux-arm64-gnu'
474 silly reify ]
475 verbose reify failed optional dependency /root/mini-food-order/frontend/node_modules/@oxlint/binding-linux-arm-musleabihf
476 silly reify mark deleted [
476 silly reify   '/root/mini-food-order/frontend/node_modules/@oxlint/binding-linux-arm-musleabihf'
476 silly reify ]
477 verbose reify failed optional dependency /root/mini-food-order/frontend/node_modules/@oxlint/binding-linux-arm-gnueabihf
478 silly reify mark deleted [
478 silly reify   '/root/mini-food-order/frontend/node_modules/@oxlint/binding-linux-arm-gnueabihf'
478 silly reify ]
479 verbose reify failed optional dependency /root/mini-food-order/frontend/node_modules/@oxlint/binding-freebsd-x64
480 silly reify mark deleted [
480 silly reify   '/root/mini-food-order/frontend/node_modules/@oxlint/binding-freebsd-x64'
480 silly reify ]
481 verbose reify failed optional dependency /root/mini-food-order/frontend/node_modules/@oxlint/binding-darwin-x64
482 silly reify mark deleted [
482 silly reify   '/root/mini-food-order/frontend/node_modules/@oxlint/binding-darwin-x64'
482 silly reify ]
483 verbose reify failed optional dependency /root/mini-food-order/frontend/node_modules/@oxlint/binding-darwin-arm64
484 silly reify mark deleted [
484 silly reify   '/root/mini-food-order/frontend/node_modules/@oxlint/binding-darwin-arm64'
484 silly reify ]
485 verbose reify failed optional dependency /root/mini-food-order/frontend/node_modules/@oxlint/binding-android-arm64
486 silly reify mark deleted [
486 silly reify   '/root/mini-food-order/frontend/node_modules/@oxlint/binding-android-arm64'
486 silly reify ]
487 verbose reify failed optional dependency /root/mini-food-order/frontend/node_modules/@oxlint/binding-android-arm-eabi
488 silly reify mark deleted [
488 silly reify   '/root/mini-food-order/frontend/node_modules/@oxlint/binding-android-arm-eabi'
488 silly reify ]
489 timing reifyNode:node_modules/@rolldown/binding-win32-x64-msvc Completed in 18ms
490 timing reifyNode:node_modules/@rolldown/binding-win32-arm64-msvc Completed in 18ms
491 timing reifyNode:node_modules/@rolldown/binding-openharmony-arm64 Completed in 18ms
492 timing reifyNode:node_modules/@rolldown/binding-linux-s390x-gnu Completed in 18ms
493 timing reifyNode:node_modules/@rolldown/binding-linux-ppc64-gnu Completed in 18ms
494 timing reifyNode:node_modules/@rolldown/binding-linux-arm64-musl Completed in 18ms
495 timing reifyNode:node_modules/@rolldown/binding-linux-arm64-gnu Completed in 17ms
496 timing reifyNode:node_modules/@rolldown/binding-linux-arm-gnueabihf Completed in 17ms
497 timing reifyNode:node_modules/@rolldown/binding-freebsd-x64 Completed in 17ms
498 timing reifyNode:node_modules/@rolldown/binding-darwin-x64 Completed in 17ms
499 timing reifyNode:node_modules/@rolldown/binding-darwin-arm64 Completed in 17ms
500 timing reifyNode:node_modules/@rolldown/binding-android-arm64 Completed in 17ms
501 timing reifyNode:node_modules/@rolldown/binding-android-arm-eabi Completed in 17ms
502 timing reifyNode:node_modules/lightningcss-win32-x64-msvc Completed in 16ms
503 timing reifyNode:node_modules/lightningcss-win32-arm64-msvc Completed in 16ms
504 timing reifyNode:node_modules/lightningcss-linux-arm64-musl Completed in 15ms
505 timing reifyNode:node_modules/lightningcss-linux-arm64-gnu Completed in 15ms
506 timing reifyNode:node_modules/lightningcss-linux-arm-gnueabihf Completed in 15ms
507 timing reifyNode:node_modules/lightningcss-freebsd-x64 Completed in 16ms
508 timing reifyNode:node_modules/lightningcss-darwin-x64 Completed in 16ms
509 timing reifyNode:node_modules/lightningcss-darwin-arm64 Completed in 16ms
510 timing reifyNode:node_modules/lightningcss-android-arm64 Completed in 16ms
511 timing reifyNode:node_modules/fsevents Completed in 16ms
512 timing reifyNode:node_modules/@oxlint/binding-win32-x64-msvc Completed in 16ms
513 timing reifyNode:node_modules/@oxlint/binding-win32-ia32-msvc Completed in 16ms
514 timing reifyNode:node_modules/@oxlint/binding-win32-arm64-msvc Completed in 16ms
515 timing reifyNode:node_modules/@oxlint/binding-openharmony-arm64 Completed in 16ms
516 timing reifyNode:node_modules/@oxlint/binding-linux-s390x-gnu Completed in 16ms
517 timing reifyNode:node_modules/@oxlint/binding-linux-riscv64-musl Completed in 16ms
518 timing reifyNode:node_modules/@oxlint/binding-linux-riscv64-gnu Completed in 16ms
519 timing reifyNode:node_modules/@oxlint/binding-linux-ppc64-gnu Completed in 16ms
520 timing reifyNode:node_modules/@oxlint/binding-linux-arm64-musl Completed in 16ms
521 timing reifyNode:node_modules/@oxlint/binding-linux-arm64-gnu Completed in 16ms
522 timing reifyNode:node_modules/@oxlint/binding-linux-arm-musleabihf Completed in 15ms
523 timing reifyNode:node_modules/@oxlint/binding-linux-arm-gnueabihf Completed in 15ms
524 timing reifyNode:node_modules/@oxlint/binding-freebsd-x64 Completed in 15ms
525 timing reifyNode:node_modules/@oxlint/binding-darwin-x64 Completed in 15ms
526 timing reifyNode:node_modules/@oxlint/binding-darwin-arm64 Completed in 17ms
527 timing reifyNode:node_modules/@oxlint/binding-android-arm64 Completed in 17ms
528 timing reifyNode:node_modules/@oxlint/binding-android-arm-eabi Completed in 17ms
529 silly tarball no local data for fdir@https://registry.npmjs.org/fdir/-/fdir-6.5.0.tgz. Extracting by manifest.
530 silly tarball no local data for @rolldown/binding-linux-x64-musl@https://registry.npmjs.org/@rolldown/binding-linux-x64-musl/-/binding-linux-x64-musl-1.2.5.tgz. Extracting by manifest.
531 silly tarball no local data for @rolldown/binding-linux-x64-gnu@https://registry.npmjs.org/@rolldown/binding-linux-x64-gnu/-/binding-linux-x64-gnu-1.2.5.tgz. Extracting by manifest.
532 silly tarball no local data for @oxc-project/types@https://registry.npmjs.org/@oxc-project/types/-/types-0.146.0.tgz. Extracting by manifest.
533 silly tarball no local data for source-map-js@https://registry.npmjs.org/source-map-js/-/source-map-js-1.2.1.tgz. Extracting by manifest.
534 silly tarball no local data for picocolors@https://registry.npmjs.org/picocolors/-/picocolors-1.1.1.tgz. Extracting by manifest.
535 silly tarball no local data for nanoid@https://registry.npmjs.org/nanoid/-/nanoid-3.3.18.tgz. Extracting by manifest.
536 silly tarball no local data for lightningcss-linux-x64-musl@https://registry.npmjs.org/lightningcss-linux-x64-musl/-/lightningcss-linux-x64-musl-1.33.0.tgz. Extracting by manifest.
537 silly tarball no local data for lightningcss-linux-x64-gnu@https://registry.npmjs.org/lightningcss-linux-x64-gnu/-/lightningcss-linux-x64-gnu-1.33.0.tgz. Extracting by manifest.
538 silly tarball no local data for detect-libc@https://registry.npmjs.org/detect-libc/-/detect-libc-2.1.2.tgz. Extracting by manifest.
539 silly tarball no local data for tinyglobby@https://registry.npmjs.org/tinyglobby/-/tinyglobby-0.2.17.tgz. Extracting by manifest.
540 silly tarball no local data for rolldown@https://registry.npmjs.org/rolldown/-/rolldown-1.2.5.tgz. Extracting by manifest.
541 silly tarball no local data for postcss@https://registry.npmjs.org/postcss/-/postcss-8.5.26.tgz. Extracting by manifest.
542 silly tarball no local data for picomatch@https://registry.npmjs.org/picomatch/-/picomatch-4.0.5.tgz. Extracting by manifest.
543 silly tarball no local data for lightningcss@https://registry.npmjs.org/lightningcss/-/lightningcss-1.33.0.tgz. Extracting by manifest.
544 silly tarball no local data for scheduler@https://registry.npmjs.org/scheduler/-/scheduler-0.27.0.tgz. Extracting by manifest.
545 silly tarball no local data for @oxlint/binding-linux-x64-musl@https://registry.npmjs.org/@oxlint/binding-linux-x64-musl/-/binding-linux-x64-musl-1.79.0.tgz. Extracting by manifest.
546 silly tarball no local data for @oxlint/binding-linux-x64-gnu@https://registry.npmjs.org/@oxlint/binding-linux-x64-gnu/-/binding-linux-x64-gnu-1.79.0.tgz. Extracting by manifest.
547 silly tarball no local data for @rolldown/pluginutils@https://registry.npmjs.org/@rolldown/pluginutils/-/pluginutils-1.0.1.tgz. Extracting by manifest.
548 silly tarball no local data for csstype@https://registry.npmjs.org/csstype/-/csstype-3.2.3.tgz. Extracting by manifest.
549 silly tarball no local data for react-dom@https://registry.npmjs.org/react-dom/-/react-dom-19.2.8.tgz. Extracting by manifest.
550 silly tarball no local data for react@https://registry.npmjs.org/react/-/react-19.2.8.tgz. Extracting by manifest.
551 silly tarball no local data for oxlint@https://registry.npmjs.org/oxlint/-/oxlint-1.79.0.tgz. Extracting by manifest.
552 silly tarball no local data for vite@https://registry.npmjs.org/vite/-/vite-8.2.2.tgz. Extracting by manifest.
553 silly tarball no local data for @vitejs/plugin-react@https://registry.npmjs.org/@vitejs/plugin-react/-/plugin-react-6.1.0.tgz. Extracting by manifest.
554 silly tarball no local data for @types/react-dom@https://registry.npmjs.org/@types/react-dom/-/react-dom-19.2.4.tgz. Extracting by manifest.
555 silly tarball no local data for @types/react@https://registry.npmjs.org/@types/react/-/react-19.2.18.tgz. Extracting by manifest.
556 http fetch POST 200 https://registry.npmjs.org/-/npm/v1/security/advisories/bulk 354ms
557 timing auditReport:getReport Completed in 357ms
558 silly audit report {}
559 timing auditReport:init Completed in 0ms
560 timing reify:audit Completed in 360ms
561 http fetch GET 200 https://registry.npmjs.org/picocolors/-/picocolors-1.1.1.tgz 768ms (cache miss)
562 timing reifyNode:node_modules/picocolors Completed in 814ms
563 http fetch GET 200 https://registry.npmjs.org/@rolldown/pluginutils/-/pluginutils-1.0.1.tgz 766ms (cache miss)
564 http fetch GET 200 https://registry.npmjs.org/tinyglobby/-/tinyglobby-0.2.17.tgz 773ms (cache miss)
565 timing reifyNode:node_modules/tinyglobby Completed in 822ms
566 http fetch GET 200 https://registry.npmjs.org/detect-libc/-/detect-libc-2.1.2.tgz 780ms (cache miss)
567 http fetch GET 200 https://registry.npmjs.org/fdir/-/fdir-6.5.0.tgz 792ms (cache miss)
568 timing reifyNode:node_modules/detect-libc Completed in 840ms
569 http fetch GET 200 https://registry.npmjs.org/@oxc-project/types/-/types-0.146.0.tgz 801ms (cache miss)
570 timing reifyNode:node_modules/@oxc-project/types Completed in 843ms
571 timing reifyNode:node_modules/@rolldown/pluginutils Completed in 841ms
572 http fetch GET 200 https://registry.npmjs.org/picomatch/-/picomatch-4.0.5.tgz 795ms (cache miss)
573 timing reifyNode:node_modules/fdir Completed in 848ms
574 http fetch GET 200 https://registry.npmjs.org/@types/react-dom/-/react-dom-19.2.4.tgz 791ms (cache miss)
575 http fetch GET 200 https://registry.npmjs.org/@vitejs/plugin-react/-/plugin-react-6.1.0.tgz 801ms (cache miss)
576 timing reifyNode:node_modules/picomatch Completed in 860ms
577 timing reifyNode:node_modules/@vitejs/plugin-react Completed in 866ms
578 http fetch GET 200 https://registry.npmjs.org/scheduler/-/scheduler-0.27.0.tgz 830ms (cache miss)
579 timing reifyNode:node_modules/@types/react-dom Completed in 888ms
580 timing reifyNode:node_modules/scheduler Completed in 893ms
581 http fetch GET 200 https://registry.npmjs.org/nanoid/-/nanoid-3.3.18.tgz 857ms (cache miss)
582 timing reifyNode:node_modules/nanoid Completed in 915ms
583 http fetch GET 200 https://registry.npmjs.org/source-map-js/-/source-map-js-1.2.1.tgz 879ms (cache miss)
584 timing reifyNode:node_modules/source-map-js Completed in 925ms
585 http fetch GET 200 https://registry.npmjs.org/@types/react/-/react-19.2.18.tgz 902ms (cache miss)
586 http fetch GET 200 https://registry.npmjs.org/react/-/react-19.2.8.tgz 922ms (cache miss)
587 timing reifyNode:node_modules/react Completed in 975ms
588 timing reifyNode:node_modules/@types/react Completed in 981ms
589 http fetch GET 200 https://registry.npmjs.org/lightningcss/-/lightningcss-1.33.0.tgz 952ms (cache miss)
590 timing reifyNode:node_modules/lightningcss Completed in 1004ms
591 http fetch GET 200 https://registry.npmjs.org/postcss/-/postcss-8.5.26.tgz 1024ms (cache miss)
592 timing reifyNode:node_modules/postcss Completed in 1079ms
593 http fetch GET 200 https://registry.npmjs.org/csstype/-/csstype-3.2.3.tgz 1042ms (cache miss)
594 timing reifyNode:node_modules/csstype Completed in 1096ms
595 http fetch GET 200 https://registry.npmjs.org/rolldown/-/rolldown-1.2.5.tgz 1131ms (cache miss)
596 timing reifyNode:node_modules/rolldown Completed in 1179ms
597 http fetch GET 200 https://registry.npmjs.org/oxlint/-/oxlint-1.79.0.tgz 1164ms (cache miss)
598 timing reifyNode:node_modules/oxlint Completed in 1220ms
599 http fetch GET 200 https://registry.npmjs.org/vite/-/vite-8.2.2.tgz 1221ms (cache miss)
600 timing reifyNode:node_modules/vite Completed in 1279ms
601 http fetch GET 200 https://registry.npmjs.org/react-dom/-/react-dom-19.2.8.tgz 1649ms (cache miss)
602 timing reifyNode:node_modules/react-dom Completed in 1709ms
603 http fetch GET 200 https://registry.npmjs.org/lightningcss-linux-x64-gnu/-/lightningcss-linux-x64-gnu-1.33.0.tgz 1861ms (cache miss)
604 timing reifyNode:node_modules/lightningcss-linux-x64-gnu Completed in 1908ms
605 http fetch GET 200 https://registry.npmjs.org/lightningcss-linux-x64-musl/-/lightningcss-linux-x64-musl-1.33.0.tgz 1875ms (cache miss)
606 timing reifyNode:node_modules/lightningcss-linux-x64-musl Completed in 1921ms
607 http fetch GET 200 https://registry.npmjs.org/@oxlint/binding-linux-x64-musl/-/binding-linux-x64-musl-1.79.0.tgz 2133ms (cache miss)
608 timing reifyNode:node_modules/@oxlint/binding-linux-x64-musl Completed in 2185ms
609 http fetch GET 200 https://registry.npmjs.org/@oxlint/binding-linux-x64-gnu/-/binding-linux-x64-gnu-1.79.0.tgz 2140ms (cache miss)
610 timing reifyNode:node_modules/@oxlint/binding-linux-x64-gnu Completed in 2192ms
611 http fetch GET 200 https://registry.npmjs.org/@rolldown/binding-linux-x64-musl/-/binding-linux-x64-musl-1.2.5.tgz 2237ms (cache miss)
612 timing reifyNode:node_modules/@rolldown/binding-linux-x64-musl Completed in 2277ms
613 http fetch GET 200 https://registry.npmjs.org/@rolldown/binding-linux-x64-gnu/-/binding-linux-x64-gnu-1.2.5.tgz 2237ms (cache miss)
614 timing reifyNode:node_modules/@rolldown/binding-linux-x64-gnu Completed in 2279ms
615 timing reify:unpack Completed in 2280ms
616 timing reify:unretire Completed in 1ms
617 timing build:queue Completed in 5ms
618 timing build:link:node_modules/vite Completed in 4ms
619 timing build:link:node_modules/nanoid Completed in 5ms
620 timing build:link:node_modules/oxlint Completed in 4ms
621 timing build:link:node_modules/rolldown Completed in 4ms
622 timing build:link Completed in 5ms
623 timing build:deps Completed in 10ms
624 timing build Completed in 10ms
625 timing reify:build Completed in 11ms
626 timing reify:trash Completed in 2ms
627 timing reify:save Completed in 29ms
628 timing reify Completed in 6477ms
629 silly ADD node_modules/fdir
630 silly ADD
631 silly ADD
632 silly ADD
633 silly ADD node_modules/@rolldown/binding-linux-x64-musl
634 silly ADD node_modules/@rolldown/binding-linux-x64-gnu
635 silly ADD
636 silly ADD
637 silly ADD
638 silly ADD
639 silly ADD
640 silly ADD
641 silly ADD
642 silly ADD
643 silly ADD
644 silly ADD
645 silly ADD node_modules/@oxc-project/types
646 silly ADD node_modules/source-map-js
647 silly ADD node_modules/picocolors
648 silly ADD node_modules/nanoid
649 silly ADD
650 silly ADD
651 silly ADD node_modules/lightningcss-linux-x64-musl
652 silly ADD node_modules/lightningcss-linux-x64-gnu
653 silly ADD
654 silly ADD
655 silly ADD
656 silly ADD
657 silly ADD
658 silly ADD
659 silly ADD
660 silly ADD node_modules/detect-libc
661 silly ADD node_modules/tinyglobby
662 silly ADD node_modules/rolldown
663 silly ADD node_modules/postcss
664 silly ADD node_modules/picomatch
665 silly ADD node_modules/lightningcss
666 silly ADD
667 silly ADD node_modules/scheduler
668 silly ADD
669 silly ADD
670 silly ADD
671 silly ADD
672 silly ADD node_modules/@oxlint/binding-linux-x64-musl
673 silly ADD node_modules/@oxlint/binding-linux-x64-gnu
674 silly ADD
675 silly ADD
676 silly ADD
677 silly ADD
678 silly ADD
679 silly ADD
680 silly ADD
681 silly ADD
682 silly ADD
683 silly ADD
684 silly ADD
685 silly ADD
686 silly ADD
687 silly ADD node_modules/@rolldown/pluginutils
688 silly ADD node_modules/csstype
689 silly ADD node_modules/react-dom
690 silly ADD node_modules/react
691 silly ADD node_modules/oxlint
692 silly ADD node_modules/vite
693 silly ADD node_modules/@vitejs/plugin-react
694 silly ADD node_modules/@types/react-dom
695 silly ADD node_modules/@types/react
696 timing command:install Completed in 6489ms
697 verbose exit 0
698 timing npm Completed in 6554ms
699 info ok
